[     788ms] [LOG] %c
██████╗ ███████╗███╗   ███╗███╗   ██╗████████╗
██╔══██╗██╔════╝████╗ ████║████╗  ██║╚══██╔══╝
██████╔╝███████╗██╔████╔██║██╔██╗ ██║   ██║   
██╔══██╗╚════██║██║╚██╔╝██║██║╚██╗██║   ██║   
██████╔╝███████║██║ ╚═╝ ██║██║ ╚████║   ██║   
╚═════╝ ╚══════╝╚═╝     ╚═╝╚═╝  ╚═══╝   ╚═╝   
Making cool shit that performs. font-family: 'Geist Mono', 'Menlo', 'Monaco', 'Courier', monospace; font-size: 13px @ https://basement.studio/_next/static/immutable/chunks/3dlpafk33mqbm.js:39
[    2185ms] [WARNING] <link rel=preload> uses an unsupported `as` value @ https://basement.studio/_next/static/immutable/chunks/3kx7b58sebyg-.js:1
[    2187ms] [WARNING] <link rel=preload> uses an unsupported `as` value @ https://basement.studio/_next/static/immutable/chunks/3kx7b58sebyg-.js:1
[    2187ms] [WARNING] <link rel=preload> uses an unsupported `as` value @ https://basement.studio/_next/static/immutable/chunks/3kx7b58sebyg-.js:1
[    2188ms] [WARNING] <link rel=preload> uses an unsupported `as` value @ https://basement.studio/_next/static/immutable/chunks/3kx7b58sebyg-.js:1
[    2188ms] [WARNING] <link rel=preload> uses an unsupported `as` value @ https://basement.studio/_next/static/immutable/chunks/3kx7b58sebyg-.js:1
[    2188ms] [WARNING] <link rel=preload> uses an unsupported `as` value @ https://basement.studio/_next/static/immutable/chunks/3kx7b58sebyg-.js:1
[    2188ms] [WARNING] <link rel=preload> uses an unsupported `as` value @ https://basement.studio/_next/static/immutable/chunks/3kx7b58sebyg-.js:1
[   11568ms] [WARNING] The resource https://basement.studio/3d/textures/bake-2A-lightmap-b661a365.ktx2 was preloaded using link preload but not used within a few seconds from the window's load event. Please make sure it has an appropriate `as` value and it is preloaded intentionally. @ https://basement.studio/:0
[   11568ms] [WARNING] The resource https://basement.studio/3d/textures/bake-06-lightmap-c9547c40.ktx2 was preloaded using link preload but not used within a few seconds from the window's load event. Please make sure it has an appropriate `as` value and it is preloaded intentionally. @ https://basement.studio/:0
[   11568ms] [WARNING] The resource https://basement.studio/3d/textures/bake-00-lightmap-5f8d79f7.ktx2 was preloaded using link preload but not used within a few seconds from the window's load event. Please make sure it has an appropriate `as` value and it is preloaded intentionally. @ https://basement.studio/:0
[   11568ms] [WARNING] The resource https://basement.studio/3d/textures/bake-SM_Roof-lightmap-3b7e575f.ktx2 was preloaded using link preload but not used within a few seconds from the window's load event. Please make sure it has an appropriate `as` value and it is preloaded intentionally. @ https://basement.studio/:0
[   11568ms] [WARNING] The resource https://basement.studio/3d/textures/bake-01-lightmap-69b52dd9.ktx2 was preloaded using link preload but not used within a few seconds from the window's load event. Please make sure it has an appropriate `as` value and it is preloaded intentionally. @ https://basement.studio/:0
[   11568ms] [WARNING] The resource https://basement.studio/3d/textures/bake-Showcase_Models-lightmap-bdcaf84d.ktx2 was preloaded using link preload but not used within a few seconds from the window's load event. Please make sure it has an appropriate `as` value and it is preloaded intentionally. @ https://basement.studio/:0
[   11568ms] [WARNING] The resource https://basement.studio/3d/textures/bake-Chairs-lightmap-52722e14.ktx2 was preloaded using link preload but not used within a few seconds from the window's load event. Please make sure it has an appropriate `as` value and it is preloaded intentionally. @ https://basement.studio/:0
[   11568ms] [WARNING] The resource https://basement.studio/3d/textures/bake-SM_LibraryWall_01-lightmap-0eaa42a6.ktx2 was preloaded using link preload but not used within a few seconds from the window's load event. Please make sure it has an appropriate `as` value and it is preloaded intentionally. @ https://basement.studio/:0
[   11568ms] [WARNING] The resource https://basement.studio/3d/textures/bake-People_Tables-lightmap-eaf260f7.ktx2 was preloaded using link preload but not used within a few seconds from the window's load event. Please make sure it has an appropriate `as` value and it is preloaded intentionally. @ https://basement.studio/:0
[   11568ms] [WARNING] The resource https://basement.studio/3d/textures/lamp-extraLightmap-94076bfb.ktx2 was preloaded using link preload but not used within a few seconds from the window's load event. Please make sure it has an appropriate `as` value and it is preloaded intentionally. @ https://basement.studio/:0
[   11568ms] [WARNING] The resource https://basement.studio/3d/textures/bake-05-lightmap-d95f2f92.ktx2 was preloaded using link preload but not used within a few seconds from the window's load event. Please make sure it has an appropriate `as` value and it is preloaded intentionally. @ https://basement.studio/:0
[   11568ms] [WARNING] The resource https://basement.studio/3d/textures/bake-03-lightmap-0131918c.ktx2 was preloaded using link preload but not used within a few seconds from the window's load event. Please make sure it has an appropriate `as` value and it is preloaded intentionally. @ https://basement.studio/:0
[   11568ms] [WARNING] The resource https://basement.studio/3d/textures/bake-SM_RoofMetallic-lightmap-818ff320.ktx2 was preloaded using link preload but not used within a few seconds from the window's load event. Please make sure it has an appropriate `as` value and it is preloaded intentionally. @ https://basement.studio/:0
[   11568ms] [WARNING] The resource https://basement.studio/3d/textures/bake-00a-lightmap-1d893b04.ktx2 was preloaded using link preload but not used within a few seconds from the window's load event. Please make sure it has an appropriate `as` value and it is preloaded intentionally. @ https://basement.studio/:0
[   11568ms] [WARNING] The resource https://basement.studio/3d/textures/bake-04-lightmap-cf0d9e21.ktx2 was preloaded using link preload but not used within a few seconds from the window's load event. Please make sure it has an appropriate `as` value and it is preloaded intentionally. @ https://basement.studio/:0
[   11569ms] [WARNING] The resource https://basement.studio/3d/textures/bake-SM_library_Wood-lightmap-7b2a6253.ktx2 was preloaded using link preload but not used within a few seconds from the window's load event. Please make sure it has an appropriate `as` value and it is preloaded intentionally. @ https://basement.studio/:0
[   11569ms] [WARNING] The resource https://basement.studio/3d/textures/bake-07-lightmap-cf08d1cc.ktx2 was preloaded using link preload but not used within a few seconds from the window's load event. Please make sure it has an appropriate `as` value and it is preloaded intentionally. @ https://basement.studio/:0
[   11569ms] [WARNING] The resource https://basement.studio/3d/textures/bake-ServicesModels-lightmap-b5e56e81.ktx2 was preloaded using link preload but not used within a few seconds from the window's load event. Please make sure it has an appropriate `as` value and it is preloaded intentionally. @ https://basement.studio/:0
[   11569ms] [WARNING] The resource https://basement.studio/3d/textures/bake-02-lightmap-420bb0f8.ktx2 was preloaded using link preload but not used within a few seconds from the window's load event. Please make sure it has an appropriate `as` value and it is preloaded intentionally. @ https://basement.studio/:0
[   19977ms] [WARNING] The resource https://basement.studio/3d/textures/bake-2A-lightmap-b661a365.ktx2 was preloaded using link preload but not used within a few seconds from the window's load event. Please make sure it has an appropriate `as` value and it is preloaded intentionally. @ https://basement.studio/:0
[   19977ms] [WARNING] The resource https://basement.studio/3d/textures/bake-06-lightmap-c9547c40.ktx2 was preloaded using link preload but not used within a few seconds from the window's load event. Please make sure it has an appropriate `as` value and it is preloaded intentionally. @ https://basement.studio/:0
[   19977ms] [WARNING] The resource https://basement.studio/3d/textures/bake-00-lightmap-5f8d79f7.ktx2 was preloaded using link preload but not used within a few seconds from the window's load event. Please make sure it has an appropriate `as` value and it is preloaded intentionally. @ https://basement.studio/:0
[   19977ms] [WARNING] The resource https://basement.studio/3d/textures/bake-SM_Roof-lightmap-3b7e575f.ktx2 was preloaded using link preload but not used within a few seconds from the window's load event. Please make sure it has an appropriate `as` value and it is preloaded intentionally. @ https://basement.studio/:0
[   19977ms] [WARNING] The resource https://basement.studio/3d/textures/bake-01-lightmap-69b52dd9.ktx2 was preloaded using link preload but not used within a few seconds from the window's load event. Please make sure it has an appropriate `as` value and it is preloaded intentionally. @ https://basement.studio/:0
[   19977ms] [WARNING] The resource https://basement.studio/3d/textures/bake-Showcase_Models-lightmap-bdcaf84d.ktx2 was preloaded using link preload but not used within a few seconds from the window's load event. Please make sure it has an appropriate `as` value and it is preloaded intentionally. @ https://basement.studio/:0
[   19977ms] [WARNING] The resource https://basement.studio/3d/textures/bake-Chairs-lightmap-52722e14.ktx2 was preloaded using link preload but not used within a few seconds from the window's load event. Please make sure it has an appropriate `as` value and it is preloaded intentionally. @ https://basement.studio/:0
[   19977ms] [WARNING] The resource https://basement.studio/3d/textures/bake-SM_LibraryWall_01-lightmap-0eaa42a6.ktx2 was preloaded using link preload but not used within a few seconds from the window's load event. Please make sure it has an appropriate `as` value and it is preloaded intentionally. @ https://basement.studio/:0
[   19977ms] [WARNING] The resource https://basement.studio/3d/textures/bake-People_Tables-lightmap-eaf260f7.ktx2 was preloaded using link preload but not used within a few seconds from the window's load event. Please make sure it has an appropriate `as` value and it is preloaded intentionally. @ https://basement.studio/:0
[   19977ms] [WARNING] The resource https://basement.studio/3d/textures/lamp-extraLightmap-94076bfb.ktx2 was preloaded using link preload but not used within a few seconds from the window's load event. Please make sure it has an appropriate `as` value and it is preloaded intentionally. @ https://basement.studio/:0
[   19977ms] [WARNING] The resource https://basement.studio/3d/textures/bake-05-lightmap-d95f2f92.ktx2 was preloaded using link preload but not used within a few seconds from the window's load event. Please make sure it has an appropriate `as` value and it is preloaded intentionally. @ https://basement.studio/:0
[   19977ms] [WARNING] The resource https://basement.studio/3d/textures/bake-03-lightmap-0131918c.ktx2 was preloaded using link preload but not used within a few seconds from the window's load event. Please make sure it has an appropriate `as` value and it is preloaded intentionally. @ https://basement.studio/:0
[   19977ms] [WARNING] The resource https://basement.studio/3d/textures/bake-SM_RoofMetallic-lightmap-818ff320.ktx2 was preloaded using link preload but not used within a few seconds from the window's load event. Please make sure it has an appropriate `as` value and it is preloaded intentionally. @ https://basement.studio/:0
[   19977ms] [WARNING] The resource https://basement.studio/3d/textures/bake-00a-lightmap-1d893b04.ktx2 was preloaded using link preload but not used within a few seconds from the window's load event. Please make sure it has an appropriate `as` value and it is preloaded intentionally. @ https://basement.studio/:0
[   19977ms] [WARNING] The resource https://basement.studio/3d/textures/bake-04-lightmap-cf0d9e21.ktx2 was preloaded using link preload but not used within a few seconds from the window's load event. Please make sure it has an appropriate `as` value and it is preloaded intentionally. @ https://basement.studio/:0
[   19977ms] [WARNING] The resource https://basement.studio/3d/textures/bake-SM_library_Wood-lightmap-7b2a6253.ktx2 was preloaded using link preload but not used within a few seconds from the window's load event. Please make sure it has an appropriate `as` value and it is preloaded intentionally. @ https://basement.studio/:0
[   19977ms] [WARNING] The resource https://basement.studio/3d/textures/bake-07-lightmap-cf08d1cc.ktx2 was preloaded using link preload but not used within a few seconds from the window's load event. Please make sure it has an appropriate `as` value and it is preloaded intentionally. @ https://basement.studio/:0
[   19977ms] [WARNING] The resource https://basement.studio/3d/textures/bake-ServicesModels-lightmap-b5e56e81.ktx2 was preloaded using link preload but not used within a few seconds from the window's load event. Please make sure it has an appropriate `as` value and it is preloaded intentionally. @ https://basement.studio/:0
[   19977ms] [WARNING] The resource https://basement.studio/3d/textures/bake-02-lightmap-420bb0f8.ktx2 was preloaded using link preload but not used within a few seconds from the window's load event. Please make sure it has an appropriate `as` value and it is preloaded intentionally. @ https://basement.studio/:0
[   55015ms] [WARNING] The resource https://basement.studio/3d/textures/bake-2A-lightmap-b661a365.ktx2 was preloaded using link preload but not used within a few seconds from the window's load event. Please make sure it has an appropriate `as` value and it is preloaded intentionally. @ https://basement.studio/:0
[   55015ms] [WARNING] The resource https://basement.studio/3d/textures/bake-06-lightmap-c9547c40.ktx2 was preloaded using link preload but not used within a few seconds from the window's load event. Please make sure it has an appropriate `as` value and it is preloaded intentionally. @ https://basement.studio/:0
[   55015ms] [WARNING] The resource https://basement.studio/3d/textures/bake-00-lightmap-5f8d79f7.ktx2 was preloaded using link preload but not used within a few seconds from the window's load event. Please make sure it has an appropriate `as` value and it is preloaded intentionally. @ https://basement.studio/:0
[   55015ms] [WARNING] The resource https://basement.studio/3d/textures/bake-SM_Roof-lightmap-3b7e575f.ktx2 was preloaded using link preload but not used within a few seconds from the window's load event. Please make sure it has an appropriate `as` value and it is preloaded intentionally. @ https://basement.studio/:0
[   55015ms] [WARNING] The resource https://basement.studio/3d/textures/bake-01-lightmap-69b52dd9.ktx2 was preloaded using link preload but not used within a few seconds from the window's load event. Please make sure it has an appropriate `as` value and it is preloaded intentionally. @ https://basement.studio/:0
[   55015ms] [WARNING] The resource https://basement.studio/3d/textures/bake-Showcase_Models-lightmap-bdcaf84d.ktx2 was preloaded using link preload but not used within a few seconds from the window's load event. Please make sure it has an appropriate `as` value and it is preloaded intentionally. @ https://basement.studio/:0
[   55015ms] [WARNING] The resource https://basement.studio/3d/textures/bake-Chairs-lightmap-52722e14.ktx2 was preloaded using link preload but not used within a few seconds from the window's load event. Please make sure it has an appropriate `as` value and it is preloaded intentionally. @ https://basement.studio/:0
[   55015ms] [WARNING] The resource https://basement.studio/3d/textures/bake-SM_LibraryWall_01-lightmap-0eaa42a6.ktx2 was preloaded using link preload but not used within a few seconds from the window's load event. Please make sure it has an appropriate `as` value and it is preloaded intentionally. @ https://basement.studio/:0
[   55015ms] [WARNING] The resource https://basement.studio/3d/textures/bake-People_Tables-lightmap-eaf260f7.ktx2 was preloaded using link preload but not used within a few seconds from the window's load event. Please make sure it has an appropriate `as` value and it is preloaded intentionally. @ https://basement.studio/:0
[   55015ms] [WARNING] The resource https://basement.studio/3d/textures/lamp-extraLightmap-94076bfb.ktx2 was preloaded using link preload but not used within a few seconds from the window's load event. Please make sure it has an appropriate `as` value and it is preloaded intentionally. @ https://basement.studio/:0
[   55015ms] [WARNING] The resource https://basement.studio/3d/textures/bake-05-lightmap-d95f2f92.ktx2 was preloaded using link preload but not used within a few seconds from the window's load event. Please make sure it has an appropriate `as` value and it is preloaded intentionally. @ https://basement.studio/:0
[   55015ms] [WARNING] The resource https://basement.studio/3d/textures/bake-03-lightmap-0131918c.ktx2 was preloaded using link preload but not used within a few seconds from the window's load event. Please make sure it has an appropriate `as` value and it is preloaded intentionally. @ https://basement.studio/:0
[   55015ms] [WARNING] The resource https://basement.studio/3d/textures/bake-SM_RoofMetallic-lightmap-818ff320.ktx2 was preloaded using link preload but not used within a few seconds from the window's load event. Please make sure it has an appropriate `as` value and it is preloaded intentionally. @ https://basement.studio/:0
[   55015ms] [WARNING] The resource https://basement.studio/3d/textures/bake-00a-lightmap-1d893b04.ktx2 was preloaded using link preload but not used within a few seconds from the window's load event. Please make sure it has an appropriate `as` value and it is preloaded intentionally. @ https://basement.studio/:0
[   55015ms] [WARNING] The resource https://basement.studio/3d/textures/bake-04-lightmap-cf0d9e21.ktx2 was preloaded using link preload but not used within a few seconds from the window's load event. Please make sure it has an appropriate `as` value and it is preloaded intentionally. @ https://basement.studio/:0
[   55016ms] [WARNING] The resource https://basement.studio/3d/textures/bake-SM_library_Wood-lightmap-7b2a6253.ktx2 was preloaded using link preload but not used within a few seconds from the window's load event. Please make sure it has an appropriate `as` value and it is preloaded intentionally. @ https://basement.studio/:0
[   55016ms] [WARNING] The resource https://basement.studio/3d/textures/bake-07-lightmap-cf08d1cc.ktx2 was preloaded using link preload but not used within a few seconds from the window's load event. Please make sure it has an appropriate `as` value and it is preloaded intentionally. @ https://basement.studio/:0
[   55016ms] [WARNING] The resource https://basement.studio/3d/textures/bake-ServicesModels-lightmap-b5e56e81.ktx2 was preloaded using link preload but not used within a few seconds from the window's load event. Please make sure it has an appropriate `as` value and it is preloaded intentionally. @ https://basement.studio/:0
[   55016ms] [WARNING] The resource https://basement.studio/3d/textures/bake-02-lightmap-420bb0f8.ktx2 was preloaded using link preload but not used within a few seconds from the window's load event. Please make sure it has an appropriate `as` value and it is preloaded intentionally. @ https://basement.studio/:0
