[    1081ms] [INFO] %cDownload the React DevTools for a better development experience: https://react.dev/link/react-devtools font-weight:bold @ https://m1-asahi.taila125ad.ts.net/node_modules/.vite/deps/react-dom_client.js?v=bdb07197:14337
[    1970ms] [ERROR] Failed to load resource: the server responded with a status of 404 () @ https://m1-asahi.taila125ad.ts.net/favicon.ico:0
[   22947ms] [INFO] %cDownload the React DevTools for a better development experience: https://react.dev/link/react-devtools font-weight:bold @ https://m1-asahi.taila125ad.ts.net/node_modules/.vite/deps/react-dom_client.js?v=bdb07197:14337
[   24138ms] [INFO] %cDownload the React DevTools for a better development experience: https://react.dev/link/react-devtools font-weight:bold @ https://m1-asahi.taila125ad.ts.net/node_modules/.vite/deps/react-dom_client.js?v=bdb07197:14337
[  222496ms] [INFO] %cDownload the React DevTools for a better development experience: https://react.dev/link/react-devtools font-weight:bold @ https://m1-asahi.taila125ad.ts.net/node_modules/.vite/deps/react-dom_client.js?v=bdb07197:14337
[  223379ms] [INFO] %cDownload the React DevTools for a better development experience: https://react.dev/link/react-devtools font-weight:bold @ https://m1-asahi.taila125ad.ts.net/node_modules/.vite/deps/react-dom_client.js?v=bdb07197:14337
[ 5246639ms] [WARNING] The resource https://m1-asahi.taila125ad.ts.net/fonts/geist.woff2 was preloaded using link preload but not used within a few seconds from the window's load event. Please make sure it has an appropriate `as` value and it is preloaded intentionally. @ https://m1-asahi.taila125ad.ts.net/:0
[ 5331404ms] [WARNING] <link rel=preload> must have a valid `as` value @ https://m1-asahi.taila125ad.ts.net/node_modules/.vite/deps/react-dom_client.js?v=bdb07197:1232
[ 5331404ms] [WARNING] <link rel=preload> must have a valid `as` value @ https://m1-asahi.taila125ad.ts.net/node_modules/.vite/deps/react-dom_client.js?v=bdb07197:9566
[ 5331406ms] [WARNING] <link rel=preload> has an unsupported `type` value @ https://m1-asahi.taila125ad.ts.net/node_modules/.vite/deps/react-dom_client.js?v=bdb07197:1232
[ 5334436ms] [WARNING] The resource https://m1-asahi.taila125ad.ts.net/fonts/geist.woff2 was preloaded using link preload but not used within a few seconds from the window's load event. Please make sure it has an appropriate `as` value and it is preloaded intentionally. @ https://m1-asahi.taila125ad.ts.net/:0
[ 8528205ms] [WARNING] A preload for 'https://m1-asahi.taila125ad.ts.net/fonts/geist.woff2' is found, but is not used because the request credentials mode does not match. Consider taking a look at crossorigin attribute. @ https://m1-asahi.taila125ad.ts.net/:0
[ 8531839ms] [WARNING] The resource https://m1-asahi.taila125ad.ts.net/fonts/geist.woff2 was preloaded using link preload but not used within a few seconds from the window's load event. Please make sure it has an appropriate `as` value and it is preloaded intentionally. @ https://m1-asahi.taila125ad.ts.net/:0
[ 8552820ms] [WARNING] The resource https://m1-asahi.taila125ad.ts.net/fonts/geist.woff2 was preloaded using link preload but not used within a few seconds from the window's load event. Please make sure it has an appropriate `as` value and it is preloaded intentionally. @ https://m1-asahi.taila125ad.ts.net/:0
[ 8613810ms] [WARNING] The resource https://m1-asahi.taila125ad.ts.net/fonts/geist.woff2 was preloaded using link preload but not used within a few seconds from the window's load event. Please make sure it has an appropriate `as` value and it is preloaded intentionally. @ https://m1-asahi.taila125ad.ts.net/:0
[ 8671689ms] [WARNING] The resource https://m1-asahi.taila125ad.ts.net/fonts/geist.woff2 was preloaded using link preload but not used within a few seconds from the window's load event. Please make sure it has an appropriate `as` value and it is preloaded intentionally. @ https://m1-asahi.taila125ad.ts.net/:0
[ 9112782ms] [WARNING] The resource https://m1-asahi.taila125ad.ts.net/fonts/geist.woff2 was preloaded using link preload but not used within a few seconds from the window's load event. Please make sure it has an appropriate `as` value and it is preloaded intentionally. @ https://m1-asahi.taila125ad.ts.net/:0
[ 9486442ms] [WARNING] The resource https://m1-asahi.taila125ad.ts.net/fonts/geist.woff2 was preloaded using link preload but not used within a few seconds from the window's load event. Please make sure it has an appropriate `as` value and it is preloaded intentionally. @ https://m1-asahi.taila125ad.ts.net/:0
[ 9725490ms] [WARNING] The resource https://m1-asahi.taila125ad.ts.net/fonts/geist.woff2 was preloaded using link preload but not used within a few seconds from the window's load event. Please make sure it has an appropriate `as` value and it is preloaded intentionally. @ https://m1-asahi.taila125ad.ts.net/:0
[ 9761368ms] [WARNING] The resource https://m1-asahi.taila125ad.ts.net/fonts/geist.woff2 was preloaded using link preload but not used within a few seconds from the window's load event. Please make sure it has an appropriate `as` value and it is preloaded intentionally. @ https://m1-asahi.taila125ad.ts.net/:0
[ 9940569ms] [WARNING] The resource https://m1-asahi.taila125ad.ts.net/fonts/geist.woff2 was preloaded using link preload but not used within a few seconds from the window's load event. Please make sure it has an appropriate `as` value and it is preloaded intentionally. @ https://m1-asahi.taila125ad.ts.net/:0
[ 9962335ms] [WARNING] The resource https://m1-asahi.taila125ad.ts.net/fonts/geist.woff2 was preloaded using link preload but not used within a few seconds from the window's load event. Please make sure it has an appropriate `as` value and it is preloaded intentionally. @ https://m1-asahi.taila125ad.ts.net/:0
[10022791ms] [WARNING] The resource https://m1-asahi.taila125ad.ts.net/fonts/geist.woff2 was preloaded using link preload but not used within a few seconds from the window's load event. Please make sure it has an appropriate `as` value and it is preloaded intentionally. @ https://m1-asahi.taila125ad.ts.net/:0
[10122909ms] [WARNING] The resource https://m1-asahi.taila125ad.ts.net/fonts/geist.woff2 was preloaded using link preload but not used within a few seconds from the window's load event. Please make sure it has an appropriate `as` value and it is preloaded intentionally. @ https://m1-asahi.taila125ad.ts.net/:0
[10429290ms] [WARNING] The resource https://m1-asahi.taila125ad.ts.net/fonts/geist.woff2 was preloaded using link preload but not used within a few seconds from the window's load event. Please make sure it has an appropriate `as` value and it is preloaded intentionally. @ https://m1-asahi.taila125ad.ts.net/:0
[10656270ms] [WARNING] The resource https://m1-asahi.taila125ad.ts.net/fonts/geist.woff2 was preloaded using link preload but not used within a few seconds from the window's load event. Please make sure it has an appropriate `as` value and it is preloaded intentionally. @ https://m1-asahi.taila125ad.ts.net/:0
[11288901ms] [WARNING] The resource https://m1-asahi.taila125ad.ts.net/fonts/geist.woff2 was preloaded using link preload but not used within a few seconds from the window's load event. Please make sure it has an appropriate `as` value and it is preloaded intentionally. @ https://m1-asahi.taila125ad.ts.net/:0
