[   20221ms] [INFO] %cDownload the React DevTools for a better development experience: https://react.dev/link/react-devtools font-weight:bold @ http://localhost:3000/node_modules/.vite/deps/react-dom_client.js?v=bdb07197:14337
[   20247ms] [ERROR] Failed to load resource: the server responded with a status of 404 (Not Found) @ http://localhost:3000/favicon.ico:0
[  275042ms] [INFO] %cDownload the React DevTools for a better development experience: https://react.dev/link/react-devtools font-weight:bold @ http://localhost:3000/node_modules/.vite/deps/react-dom_client.js?v=bdb07197:14337
[  279962ms] [INFO] %cDownload the React DevTools for a better development experience: https://react.dev/link/react-devtools font-weight:bold @ http://localhost:3000/node_modules/.vite/deps/react-dom_client.js?v=bdb07197:14337
[  280291ms] [INFO] %cDownload the React DevTools for a better development experience: https://react.dev/link/react-devtools font-weight:bold @ http://localhost:3000/node_modules/.vite/deps/react-dom_client.js?v=bdb07197:14337
[ 3005154ms] [INFO] %cDownload the React DevTools for a better development experience: https://react.dev/link/react-devtools font-weight:bold @ http://localhost:3000/node_modules/.vite/deps/react-dom_client.js?v=bdb07197:14337
[34120374ms] [WARNING] The resource http://localhost:3000/fonts/geist.woff2 was preloaded using link preload but not used within a few seconds from the window's load event. Please make sure it has an appropriate `as` value and it is preloaded intentionally. @ http://localhost:3000/:0
[34204722ms] [WARNING] <link rel=preload> must have a valid `as` value @ http://localhost:3000/node_modules/.vite/deps/react-dom_client.js?v=bdb07197:1232
[34204733ms] [WARNING] <link rel=preload> must have a valid `as` value @ http://localhost:3000/node_modules/.vite/deps/react-dom_client.js?v=bdb07197:9566
[34204738ms] [WARNING] <link rel=preload> has an unsupported `type` value @ http://localhost:3000/node_modules/.vite/deps/react-dom_client.js?v=bdb07197:1232
[34207810ms] [WARNING] The resource http://localhost:3000/fonts/geist.woff2 was preloaded using link preload but not used within a few seconds from the window's load event. Please make sure it has an appropriate `as` value and it is preloaded intentionally. @ http://localhost:3000/:0
[37401438ms] [WARNING] A preload for 'http://localhost:3000/fonts/geist.woff2' is found, but is not used because the request credentials mode does not match. Consider taking a look at crossorigin attribute. @ http://localhost:3000/:0
[37405436ms] [WARNING] The resource http://localhost:3000/fonts/geist.woff2 was preloaded using link preload but not used within a few seconds from the window's load event. Please make sure it has an appropriate `as` value and it is preloaded intentionally. @ http://localhost:3000/:0
[37425997ms] [WARNING] The resource http://localhost:3000/fonts/geist.woff2 was preloaded using link preload but not used within a few seconds from the window's load event. Please make sure it has an appropriate `as` value and it is preloaded intentionally. @ http://localhost:3000/:0
[37487089ms] [WARNING] The resource http://localhost:3000/fonts/geist.woff2 was preloaded using link preload but not used within a few seconds from the window's load event. Please make sure it has an appropriate `as` value and it is preloaded intentionally. @ http://localhost:3000/:0
[37544915ms] [WARNING] The resource http://localhost:3000/fonts/geist.woff2 was preloaded using link preload but not used within a few seconds from the window's load event. Please make sure it has an appropriate `as` value and it is preloaded intentionally. @ http://localhost:3000/:0
[37986022ms] [WARNING] The resource http://localhost:3000/fonts/geist.woff2 was preloaded using link preload but not used within a few seconds from the window's load event. Please make sure it has an appropriate `as` value and it is preloaded intentionally. @ http://localhost:3000/:0
[38359752ms] [WARNING] The resource http://localhost:3000/fonts/geist.woff2 was preloaded using link preload but not used within a few seconds from the window's load event. Please make sure it has an appropriate `as` value and it is preloaded intentionally. @ http://localhost:3000/:0
[38598613ms] [WARNING] The resource http://localhost:3000/fonts/geist.woff2 was preloaded using link preload but not used within a few seconds from the window's load event. Please make sure it has an appropriate `as` value and it is preloaded intentionally. @ http://localhost:3000/:0
[38634611ms] [WARNING] The resource http://localhost:3000/fonts/geist.woff2 was preloaded using link preload but not used within a few seconds from the window's load event. Please make sure it has an appropriate `as` value and it is preloaded intentionally. @ http://localhost:3000/:0
[38813911ms] [WARNING] The resource http://localhost:3000/fonts/geist.woff2 was preloaded using link preload but not used within a few seconds from the window's load event. Please make sure it has an appropriate `as` value and it is preloaded intentionally. @ http://localhost:3000/:0
[38835573ms] [WARNING] The resource http://localhost:3000/fonts/geist.woff2 was preloaded using link preload but not used within a few seconds from the window's load event. Please make sure it has an appropriate `as` value and it is preloaded intentionally. @ http://localhost:3000/:0
[38896010ms] [WARNING] The resource http://localhost:3000/fonts/geist.woff2 was preloaded using link preload but not used within a few seconds from the window's load event. Please make sure it has an appropriate `as` value and it is preloaded intentionally. @ http://localhost:3000/:0
[38996154ms] [WARNING] The resource http://localhost:3000/fonts/geist.woff2 was preloaded using link preload but not used within a few seconds from the window's load event. Please make sure it has an appropriate `as` value and it is preloaded intentionally. @ http://localhost:3000/:0
[39302490ms] [WARNING] The resource http://localhost:3000/fonts/geist.woff2 was preloaded using link preload but not used within a few seconds from the window's load event. Please make sure it has an appropriate `as` value and it is preloaded intentionally. @ http://localhost:3000/:0
[39529532ms] [WARNING] The resource http://localhost:3000/fonts/geist.woff2 was preloaded using link preload but not used within a few seconds from the window's load event. Please make sure it has an appropriate `as` value and it is preloaded intentionally. @ http://localhost:3000/:0
[40162140ms] [WARNING] The resource http://localhost:3000/fonts/geist.woff2 was preloaded using link preload but not used within a few seconds from the window's load event. Please make sure it has an appropriate `as` value and it is preloaded intentionally. @ http://localhost:3000/:0
