[    1094ms] [LOG] 
           █████████████      █████████████
         ███████████████    ███████████████
       █████████████████  █████████████████
     ██████████████████████████████████████
   ████████████████████████████████████████
 █████████████████████████████████████████████████
██████████████████████████████████████████████████
██████████████████████████████████████████████████
██████████████████████████████████████████████████
████████████████  █████████████████  █████████████
██████████████    ███████████████    █████████████
████████████      █████████████      █████████████

Join us in empowering the world to design great digital experiences - https://careers.mobbin.com @ https://mobbin.com/_next/static/chunks/98224-a07b48439991b25a.js?dpl=dpl_SqQd3hgbrFpmqEbn9mw9AcHxmoJs:8
[    1110ms] [INFO] Initial session @ https://mobbin.com/_next/static/chunks/98224-a07b48439991b25a.js?dpl=dpl_SqQd3hgbrFpmqEbn9mw9AcHxmoJs:8
[    1391ms] [LOG] [Churnkey] Embed v1.0.83 @ https://mobbin.com/_next/static/chunks/98224-a07b48439991b25a.js?dpl=dpl_SqQd3hgbrFpmqEbn9mw9AcHxmoJs:8
[    1940ms] [VERBOSE] [DOM] Input elements should have autocomplete attributes (suggested: "current-password"): (More info: https://goo.gl/9p2vKq) %o @ https://mobbin.com/signup?redirect_to=%2Fsites%2Fsections%2F975a7e67-2632-40cb-ab2b-4a9b1a2fc84f:0
[    1974ms] [LOG] 
           █████████████      █████████████
         ███████████████    ███████████████
       █████████████████  █████████████████
     ██████████████████████████████████████
   ████████████████████████████████████████
 █████████████████████████████████████████████████
██████████████████████████████████████████████████
██████████████████████████████████████████████████
██████████████████████████████████████████████████
████████████████  █████████████████  █████████████
██████████████    ███████████████    █████████████
████████████      █████████████      █████████████

Join us in empowering the world to design great digital experiences - https://careers.mobbin.com @ https://mobbin.com/_next/static/chunks/98224-a07b48439991b25a.js?dpl=dpl_SqQd3hgbrFpmqEbn9mw9AcHxmoJs:8
[    1982ms] [INFO] Initial session @ https://mobbin.com/_next/static/chunks/98224-a07b48439991b25a.js?dpl=dpl_SqQd3hgbrFpmqEbn9mw9AcHxmoJs:8
[    2053ms] [LOG] [Churnkey] Embed v1.0.83 @ https://mobbin.com/_next/static/chunks/98224-a07b48439991b25a.js?dpl=dpl_SqQd3hgbrFpmqEbn9mw9AcHxmoJs:8
[    2118ms] [VERBOSE] [DOM] Input elements should have autocomplete attributes (suggested: "current-password"): (More info: https://goo.gl/9p2vKq) %o @ https://mobbin.com/signup?redirect_to=%2Fsites%2Fsections%2F975a7e67-2632-40cb-ab2b-4a9b1a2fc84f:0
