[   12426ms] Error: Minified React error #418; visit https://react.dev/errors/418?args[]=HTML&args[]= for the full message or use the non-minified dev environment for full errors and additional helpful warnings.
    at rK (https://www.tinywins.com/_next/static/chunks/79db7e4d9802bcaa.js?dpl=dpl_HbGJtpcTJEcYZtbTeStYKHtbZygv:1:40123)
    at io (https://www.tinywins.com/_next/static/chunks/79db7e4d9802bcaa.js?dpl=dpl_HbGJtpcTJEcYZtbTeStYKHtbZygv:1:90844)
    at sc (https://www.tinywins.com/_next/static/chunks/79db7e4d9802bcaa.js?dpl=dpl_HbGJtpcTJEcYZtbTeStYKHtbZygv:1:131315)
    at https://www.tinywins.com/_next/static/chunks/79db7e4d9802bcaa.js?dpl=dpl_HbGJtpcTJEcYZtbTeStYKHtbZygv:1:126205
    at u9 (https://www.tinywins.com/_next/static/chunks/79db7e4d9802bcaa.js?dpl=dpl_HbGJtpcTJEcYZtbTeStYKHtbZygv:1:126306)
    at s$ (https://www.tinywins.com/_next/static/chunks/79db7e4d9802bcaa.js?dpl=dpl_HbGJtpcTJEcYZtbTeStYKHtbZygv:1:152688)
    at MessagePort._ (https://www.tinywins.com/_next/static/chunks/79db7e4d9802bcaa.js?dpl=dpl_HbGJtpcTJEcYZtbTeStYKHtbZygv:1:1647)
[   12552ms] [WARNING] [.WebGL-0x3c005dfe00]GL Driver Message (OpenGL, Performance, GL_CLOSE_PATH_NV, High): GPU stall due to ReadPixels @ https://www.tinywins.com/:0
[   12565ms] [WARNING] [.WebGL-0x3c005dfe00]GL Driver Message (OpenGL, Performance, GL_CLOSE_PATH_NV, High): GPU stall due to ReadPixels @ https://www.tinywins.com/:0
[   16498ms] [WARNING] [.WebGL-0x3c005dfe00]GL Driver Message (OpenGL, Performance, GL_CLOSE_PATH_NV, High): GPU stall due to ReadPixels @ https://www.tinywins.com/:0
[   17441ms] [WARNING] [.WebGL-0x3c005dfe00]GL Driver Message (OpenGL, Performance, GL_CLOSE_PATH_NV, High): GPU stall due to ReadPixels (this message will no longer repeat) @ https://www.tinywins.com/:0
[   47436ms] Error: Minified React error #418; visit https://react.dev/errors/418?args[]=HTML&args[]= for the full message or use the non-minified dev environment for full errors and additional helpful warnings.
    at rK (https://www.tinywins.com/_next/static/chunks/79db7e4d9802bcaa.js?dpl=dpl_HbGJtpcTJEcYZtbTeStYKHtbZygv:1:40123)
    at io (https://www.tinywins.com/_next/static/chunks/79db7e4d9802bcaa.js?dpl=dpl_HbGJtpcTJEcYZtbTeStYKHtbZygv:1:90844)
    at sc (https://www.tinywins.com/_next/static/chunks/79db7e4d9802bcaa.js?dpl=dpl_HbGJtpcTJEcYZtbTeStYKHtbZygv:1:131315)
    at https://www.tinywins.com/_next/static/chunks/79db7e4d9802bcaa.js?dpl=dpl_HbGJtpcTJEcYZtbTeStYKHtbZygv:1:126205
    at u9 (https://www.tinywins.com/_next/static/chunks/79db7e4d9802bcaa.js?dpl=dpl_HbGJtpcTJEcYZtbTeStYKHtbZygv:1:126306)
    at s$ (https://www.tinywins.com/_next/static/chunks/79db7e4d9802bcaa.js?dpl=dpl_HbGJtpcTJEcYZtbTeStYKHtbZygv:1:152688)
    at MessagePort._ (https://www.tinywins.com/_next/static/chunks/79db7e4d9802bcaa.js?dpl=dpl_HbGJtpcTJEcYZtbTeStYKHtbZygv:1:1647)
