[    1140ms] [LOG] 
           █████████████      █████████████
         ███████████████    ███████████████
       █████████████████  █████████████████
     ██████████████████████████████████████
   ████████████████████████████████████████
 █████████████████████████████████████████████████
██████████████████████████████████████████████████
██████████████████████████████████████████████████
██████████████████████████████████████████████████
████████████████  █████████████████  █████████████
██████████████    ███████████████    █████████████
████████████      █████████████      █████████████

Join us in empowering the world to design great digital experiences - https://careers.mobbin.com @ https://mobbin.com/_next/static/chunks/98224-a07b48439991b25a.js?dpl=dpl_SqQd3hgbrFpmqEbn9mw9AcHxmoJs:8
[    1156ms] [INFO] Initial session @ https://mobbin.com/_next/static/chunks/98224-a07b48439991b25a.js?dpl=dpl_SqQd3hgbrFpmqEbn9mw9AcHxmoJs:8
[    1780ms] [ERROR] Provider's accounts list is empty. @ https://mobbin.com/?redirect_to=%2Fsites%2Funseen-studio-71f31091-35c6-4b05-884e-62270ac99635%2F696e15e0-5344-4bf4-891f-c52d6b960b10%2Fsections:0
[    1796ms] [WARNING] Caught a recoverable error. The site is still functional, but might have some UI flickering or degraded page load performance. If you are the author of this website, update external components and check recently added custom code or code overrides to fix the following server/client mismatches:
 Error: Minified React error #425; visit https://reactjs.org/docs/error-decoder.html?invariant=425 for the full message or use the non-minified dev environment for full errors and additional helpful warnings.
    at Ii (https://framerusercontent.com/sites/HpXkx7LMLmT5DJ5C7LTgx/react.DOKkFWbx.mjs:6:68)
    at us (https://framerusercontent.com/sites/HpXkx7LMLmT5DJ5C7LTgx/react.DOKkFWbx.mjs:8:14044)
    at ec (https://framerusercontent.com/sites/HpXkx7LMLmT5DJ5C7LTgx/react.DOKkFWbx.mjs:8:37372)
    at $s (https://framerusercontent.com/sites/HpXkx7LMLmT5DJ5C7LTgx/react.DOKkFWbx.mjs:8:37134)
    at Qs (https://framerusercontent.com/sites/HpXkx7LMLmT5DJ5C7LTgx/react.DOKkFWbx.mjs:8:37046)
    at Ls (https://framerusercontent.com/sites/HpXkx7LMLmT5DJ5C7LTgx/react.DOKkFWbx.mjs:8:32130)
    at wt (https://framerusercontent.com/sites/HpXkx7LMLmT5DJ5C7LTgx/react.DOKkFWbx.mjs:1:10651)
    at MessagePort.Et (https://framerusercontent.com/sites/HpXkx7LMLmT5DJ5C7LTgx/react.DOKkFWbx.mjs:1:11006) 
    at style
    at div
    at div
    at s (https://framerusercontent.com/sites/HpXkx7LMLmT5DJ5C7LTgx/motion.gvA5cLOR.mjs:9:5740)
    at ce (https://framerusercontent.com/sites/HpXkx7LMLmT5DJ5C7LTgx/Yej_aT5yT.CokVIXcg.mjs:1:5398)
    at div
    at P (https://framerusercontent.com/sites/HpXkx7LMLmT5DJ5C7LTgx/Yej_aT5yT.CokVIXcg.mjs:17:52)
    at div
    at https://framerusercontent.com/sites/HpXkx7LMLmT5DJ5C7LTgx/framer.DEVGPC41.mjs:921:21086
    at https://framerusercontent.com/sites/HpXkx7LMLmT5DJ5C7LTgx/framer.DEVGPC41.mjs:83:40218
    at ET (https://framerusercontent.com/sites/HpXkx7LMLmT5DJ5C7LTgx/framer.DEVGPC41.mjs:928:678)
    at Suspense
    at lu (https://framerusercontent.com/sites/HpXkx7LMLmT5DJ5C7LTgx/framer.DEVGPC41.mjs:49:74165)
    at hu (https://framerusercontent.com/sites/HpXkx7LMLmT5DJ5C7LTgx/framer.DEVGPC41.mjs:49:74829)
    at mu (https://framerusercontent.com/sites/HpXkx7LMLmT5DJ5C7LTgx/framer.DEVGPC41.mjs:49:74691)
    at cf (https://framerusercontent.com/sites/HpXkx7LMLmT5DJ5C7LTgx/motion.gvA5cLOR.mjs:9:71317)
    at eo (https://framerusercontent.com/sites/HpXkx7LMLmT5DJ5C7LTgx/framer.DEVGPC41.mjs:49:27407)
    at div
    at s (https://framerusercontent.com/sites/HpXkx7LMLmT5DJ5C7LTgx/motion.gvA5cLOR.mjs:9:5740)
    at https://framerusercontent.com/sites/HpXkx7LMLmT5DJ5C7LTgx/framer.DEVGPC41.mjs:928:1367
    at https://framerusercontent.com/sites/HpXkx7LMLmT5DJ5C7LTgx/framer.DEVGPC41.mjs:921:26501
    at https://framerusercontent.com/sites/HpXkx7LMLmT5DJ5C7LTgx/framer.DEVGPC41.mjs:921:26314
    at div
    at div
    at s (https://framerusercontent.com/sites/HpXkx7LMLmT5DJ5C7LTgx/motion.gvA5cLOR.mjs:9:5740)
    at div
    at s (https://framerusercontent.com/sites/HpXkx7LMLmT5DJ5C7LTgx/motion.gvA5cLOR.mjs:9:5740)
    at cf (https://framerusercontent.com/sites/HpXkx7LMLmT5DJ5C7LTgx/motion.gvA5cLOR.mjs:9:71317)
    at https://framerusercontent.com/sites/HpXkx7LMLmT5DJ5C7LTgx/EY0WDUDIYSPmDyx-aGC58czUrBZ72vf66bh2j7inCtI.UmqM04oV.mjs:7:113942
    at https://framerusercontent.com/sites/HpXkx7LMLmT5DJ5C7LTgx/framer.DEVGPC41.mjs:83:40218
    at https://framerusercontent.com/sites/HpXkx7LMLmT5DJ5C7LTgx/framer.DEVGPC41.mjs:3:1056
    at div
    at s (https://framerusercontent.com/sites/HpXkx7LMLmT5DJ5C7LTgx/motion.gvA5cLOR.mjs:9:5740)
    at sa (https://framerusercontent.com/sites/HpXkx7LMLmT5DJ5C7LTgx/motion.gvA5cLOR.mjs:9:1422)
    at cf (https://framerusercontent.com/sites/HpXkx7LMLmT5DJ5C7LTgx/motion.gvA5cLOR.mjs:9:71317)
    at https://framerusercontent.com/sites/HpXkx7LMLmT5DJ5C7LTgx/framer.DEVGPC41.mjs:929:5541
    at cf (https://framerusercontent.com/sites/HpXkx7LMLmT5DJ5C7LTgx/motion.gvA5cLOR.mjs:9:71317)
    at https://framerusercontent.com/sites/HpXkx7LMLmT5DJ5C7LTgx/script_main.13xYY0YF.mjs:19:25710
    at https://framerusercontent.com/sites/HpXkx7LMLmT5DJ5C7LTgx/framer.DEVGPC41.mjs:83:40218
    at https://framerusercontent.com/sites/HpXkx7LMLmT5DJ5C7LTgx/framer.DEVGPC41.mjs:928:18413
    at Suspense
    at lu (https://framerusercontent.com/sites/HpXkx7LMLmT5DJ5C7LTgx/framer.DEVGPC41.mjs:49:74165)
    at wd (https://framerusercontent.com/sites/HpXkx7LMLmT5DJ5C7LTgx/framer.DEVGPC41.mjs:52:6437)
    at ss (https://framerusercontent.com/sites/HpXkx7LMLmT5DJ5C7LTgx/script_main.13xYY0YF.mjs:21:297)
    at op (https://framerusercontent.com/sites/HpXkx7LMLmT5DJ5C7LTgx/framer.DEVGPC41.mjs:54:8659)
    at px (https://framerusercontent.com/sites/HpXkx7LMLmT5DJ5C7LTgx/framer.DEVGPC41.mjs:83:6386)
    at Suspense
    at lu (https://framerusercontent.com/sites/HpXkx7LMLmT5DJ5C7LTgx/framer.DEVGPC41.mjs:49:74165)
    at xT (https://framerusercontent.com/sites/HpXkx7LMLmT5DJ5C7LTgx/framer.DEVGPC41.mjs:921:26600)
    at mf (https://framerusercontent.com/sites/HpXkx7LMLmT5DJ5C7LTgx/framer.DEVGPC41.mjs:52:18603)
    at mi (https://framerusercontent.com/sites/HpXkx7LMLmT5DJ5C7LTgx/framer.DEVGPC41.mjs:49:7589)
    at https://framerusercontent.com/sites/HpXkx7LMLmT5DJ5C7LTgx/framer.DEVGPC41.mjs:928:2407
    at https://framerusercontent.com/sites/HpXkx7LMLmT5DJ5C7LTgx/framer.DEVGPC41.mjs:83:40218
    at Vt (https://framerusercontent.com/sites/HpXkx7LMLmT5DJ5C7LTgx/framer.DEVGPC41.mjs:3:3254)
    at ap (https://framerusercontent.com/sites/HpXkx7LMLmT5DJ5C7LTgx/framer.DEVGPC41.mjs:54:3156)
    at Bf (https://framerusercontent.com/sites/HpXkx7LMLmT5DJ5C7LTgx/framer.DEVGPC41.mjs:52:23222)
    at dD (https://framerusercontent.com/sites/HpXkx7LMLmT5DJ5C7LTgx/framer.DEVGPC41.mjs:928:18182)
    at jn (https://framerusercontent.com/sites/HpXkx7LMLmT5DJ5C7LTgx/framer.DEVGPC41.mjs:7:9178)
    at sa (https://framerusercontent.com/sites/HpXkx7LMLmT5DJ5C7LTgx/motion.gvA5cLOR.mjs:9:1422)
    at ri (https://framerusercontent.com/sites/HpXkx7LMLmT5DJ5C7LTgx/framer.DEVGPC41.mjs:49:6885)
    at hp (https://framerusercontent.com/sites/HpXkx7LMLmT5DJ5C7LTgx/framer.DEVGPC41.mjs:54:9821)
    at aE (https://framerusercontent.com/sites/HpXkx7LMLmT5DJ5C7LTgx/framer.DEVGPC41.mjs:928:7598)
    at fr (https://framerusercontent.com/sites/HpXkx7LMLmT5DJ5C7LTgx/framer.DEVGPC41.mjs:7:14884) @ https://framerusercontent.com/sites/HpXkx7LMLmT5DJ5C7LTgx/script_main.13xYY0YF.mjs:20
[    1796ms] [WARNING] Caught a recoverable error. The site is still functional, but might have some UI flickering or degraded page load performance. If you are the author of this website, update external components and check recently added custom code or code overrides to fix the following server/client mismatches:
 Error: Minified React error #418; visit https://reactjs.org/docs/error-decoder.html?invariant=418 for the full message or use the non-minified dev environment for full errors and additional helpful warnings.
    at da (https://framerusercontent.com/sites/HpXkx7LMLmT5DJ5C7LTgx/react.DOKkFWbx.mjs:6:4235)
    at sp (https://framerusercontent.com/sites/HpXkx7LMLmT5DJ5C7LTgx/react.DOKkFWbx.mjs:8:68259)
    at $s (https://framerusercontent.com/sites/HpXkx7LMLmT5DJ5C7LTgx/react.DOKkFWbx.mjs:8:37073)
    at Qs (https://framerusercontent.com/sites/HpXkx7LMLmT5DJ5C7LTgx/react.DOKkFWbx.mjs:8:37046)
    at Ls (https://framerusercontent.com/sites/HpXkx7LMLmT5DJ5C7LTgx/react.DOKkFWbx.mjs:8:32130)
    at wt (https://framerusercontent.com/sites/HpXkx7LMLmT5DJ5C7LTgx/react.DOKkFWbx.mjs:1:10651)
    at MessagePort.Et (https://framerusercontent.com/sites/HpXkx7LMLmT5DJ5C7LTgx/react.DOKkFWbx.mjs:1:11006) 
    at div
    at s (https://framerusercontent.com/sites/HpXkx7LMLmT5DJ5C7LTgx/motion.gvA5cLOR.mjs:9:5740)
    at ce (https://framerusercontent.com/sites/HpXkx7LMLmT5DJ5C7LTgx/Yej_aT5yT.CokVIXcg.mjs:1:5398)
    at div
    at P (https://framerusercontent.com/sites/HpXkx7LMLmT5DJ5C7LTgx/Yej_aT5yT.CokVIXcg.mjs:17:52)
    at div
    at https://framerusercontent.com/sites/HpXkx7LMLmT5DJ5C7LTgx/framer.DEVGPC41.mjs:921:21086
    at https://framerusercontent.com/sites/HpXkx7LMLmT5DJ5C7LTgx/framer.DEVGPC41.mjs:83:40218
    at ET (https://framerusercontent.com/sites/HpXkx7LMLmT5DJ5C7LTgx/framer.DEVGPC41.mjs:928:678)
    at Suspense
    at lu (https://framerusercontent.com/sites/HpXkx7LMLmT5DJ5C7LTgx/framer.DEVGPC41.mjs:49:74165)
    at hu (https://framerusercontent.com/sites/HpXkx7LMLmT5DJ5C7LTgx/framer.DEVGPC41.mjs:49:74829)
    at mu (https://framerusercontent.com/sites/HpXkx7LMLmT5DJ5C7LTgx/framer.DEVGPC41.mjs:49:74691)
    at cf (https://framerusercontent.com/sites/HpXkx7LMLmT5DJ5C7LTgx/motion.gvA5cLOR.mjs:9:71317)
    at eo (https://framerusercontent.com/sites/HpXkx7LMLmT5DJ5C7LTgx/framer.DEVGPC41.mjs:49:27407)
    at div
    at s (https://framerusercontent.com/sites/HpXkx7LMLmT5DJ5C7LTgx/motion.gvA5cLOR.mjs:9:5740)
    at https://framerusercontent.com/sites/HpXkx7LMLmT5DJ5C7LTgx/framer.DEVGPC41.mjs:928:1367
    at https://framerusercontent.com/sites/HpXkx7LMLmT5DJ5C7LTgx/framer.DEVGPC41.mjs:921:26501
    at https://framerusercontent.com/sites/HpXkx7LMLmT5DJ5C7LTgx/framer.DEVGPC41.mjs:921:26314
    at div
    at div
    at s (https://framerusercontent.com/sites/HpXkx7LMLmT5DJ5C7LTgx/motion.gvA5cLOR.mjs:9:5740)
    at div
    at s (https://framerusercontent.com/sites/HpXkx7LMLmT5DJ5C7LTgx/motion.gvA5cLOR.mjs:9:5740)
    at cf (https://framerusercontent.com/sites/HpXkx7LMLmT5DJ5C7LTgx/motion.gvA5cLOR.mjs:9:71317)
    at https://framerusercontent.com/sites/HpXkx7LMLmT5DJ5C7LTgx/EY0WDUDIYSPmDyx-aGC58czUrBZ72vf66bh2j7inCtI.UmqM04oV.mjs:7:113942
    at https://framerusercontent.com/sites/HpXkx7LMLmT5DJ5C7LTgx/framer.DEVGPC41.mjs:83:40218
    at https://framerusercontent.com/sites/HpXkx7LMLmT5DJ5C7LTgx/framer.DEVGPC41.mjs:3:1056
    at div
    at s (https://framerusercontent.com/sites/HpXkx7LMLmT5DJ5C7LTgx/motion.gvA5cLOR.mjs:9:5740)
    at sa (https://framerusercontent.com/sites/HpXkx7LMLmT5DJ5C7LTgx/motion.gvA5cLOR.mjs:9:1422)
    at cf (https://framerusercontent.com/sites/HpXkx7LMLmT5DJ5C7LTgx/motion.gvA5cLOR.mjs:9:71317)
    at https://framerusercontent.com/sites/HpXkx7LMLmT5DJ5C7LTgx/framer.DEVGPC41.mjs:929:5541
    at cf (https://framerusercontent.com/sites/HpXkx7LMLmT5DJ5C7LTgx/motion.gvA5cLOR.mjs:9:71317)
    at https://framerusercontent.com/sites/HpXkx7LMLmT5DJ5C7LTgx/script_main.13xYY0YF.mjs:19:25710
    at https://framerusercontent.com/sites/HpXkx7LMLmT5DJ5C7LTgx/framer.DEVGPC41.mjs:83:40218
    at https://framerusercontent.com/sites/HpXkx7LMLmT5DJ5C7LTgx/framer.DEVGPC41.mjs:928:18413
    at Suspense
    at lu (https://framerusercontent.com/sites/HpXkx7LMLmT5DJ5C7LTgx/framer.DEVGPC41.mjs:49:74165)
    at wd (https://framerusercontent.com/sites/HpXkx7LMLmT5DJ5C7LTgx/framer.DEVGPC41.mjs:52:6437)
    at ss (https://framerusercontent.com/sites/HpXkx7LMLmT5DJ5C7LTgx/script_main.13xYY0YF.mjs:21:297)
    at op (https://framerusercontent.com/sites/HpXkx7LMLmT5DJ5C7LTgx/framer.DEVGPC41.mjs:54:8659)
    at px (https://framerusercontent.com/sites/HpXkx7LMLmT5DJ5C7LTgx/framer.DEVGPC41.mjs:83:6386)
    at Suspense
    at lu (https://framerusercontent.com/sites/HpXkx7LMLmT5DJ5C7LTgx/framer.DEVGPC41.mjs:49:74165)
    at xT (https://framerusercontent.com/sites/HpXkx7LMLmT5DJ5C7LTgx/framer.DEVGPC41.mjs:921:26600)
    at mf (https://framerusercontent.com/sites/HpXkx7LMLmT5DJ5C7LTgx/framer.DEVGPC41.mjs:52:18603)
    at mi (https://framerusercontent.com/sites/HpXkx7LMLmT5DJ5C7LTgx/framer.DEVGPC41.mjs:49:7589)
    at https://framerusercontent.com/sites/HpXkx7LMLmT5DJ5C7LTgx/framer.DEVGPC41.mjs:928:2407
    at https://framerusercontent.com/sites/HpXkx7LMLmT5DJ5C7LTgx/framer.DEVGPC41.mjs:83:40218
    at Vt (https://framerusercontent.com/sites/HpXkx7LMLmT5DJ5C7LTgx/framer.DEVGPC41.mjs:3:3254)
    at ap (https://framerusercontent.com/sites/HpXkx7LMLmT5DJ5C7LTgx/framer.DEVGPC41.mjs:54:3156)
    at Bf (https://framerusercontent.com/sites/HpXkx7LMLmT5DJ5C7LTgx/framer.DEVGPC41.mjs:52:23222)
    at dD (https://framerusercontent.com/sites/HpXkx7LMLmT5DJ5C7LTgx/framer.DEVGPC41.mjs:928:18182)
    at jn (https://framerusercontent.com/sites/HpXkx7LMLmT5DJ5C7LTgx/framer.DEVGPC41.mjs:7:9178)
    at sa (https://framerusercontent.com/sites/HpXkx7LMLmT5DJ5C7LTgx/motion.gvA5cLOR.mjs:9:1422)
    at ri (https://framerusercontent.com/sites/HpXkx7LMLmT5DJ5C7LTgx/framer.DEVGPC41.mjs:49:6885)
    at hp (https://framerusercontent.com/sites/HpXkx7LMLmT5DJ5C7LTgx/framer.DEVGPC41.mjs:54:9821)
    at aE (https://framerusercontent.com/sites/HpXkx7LMLmT5DJ5C7LTgx/framer.DEVGPC41.mjs:928:7598)
    at fr (https://framerusercontent.com/sites/HpXkx7LMLmT5DJ5C7LTgx/framer.DEVGPC41.mjs:7:14884) @ https://framerusercontent.com/sites/HpXkx7LMLmT5DJ5C7LTgx/script_main.13xYY0YF.mjs:20
[    1796ms] [WARNING] Caught a recoverable error. The site is still functional, but might have some UI flickering or degraded page load performance. If you are the author of this website, update external components and check recently added custom code or code overrides to fix the following server/client mismatches:
 Error: Minified React error #418; visit https://reactjs.org/docs/error-decoder.html?invariant=418 for the full message or use the non-minified dev environment for full errors and additional helpful warnings.
    at da (https://framerusercontent.com/sites/HpXkx7LMLmT5DJ5C7LTgx/react.DOKkFWbx.mjs:6:4235)
    at sp (https://framerusercontent.com/sites/HpXkx7LMLmT5DJ5C7LTgx/react.DOKkFWbx.mjs:8:68259)
    at $s (https://framerusercontent.com/sites/HpXkx7LMLmT5DJ5C7LTgx/react.DOKkFWbx.mjs:8:37073)
    at Qs (https://framerusercontent.com/sites/HpXkx7LMLmT5DJ5C7LTgx/react.DOKkFWbx.mjs:8:37046)
    at Ls (https://framerusercontent.com/sites/HpXkx7LMLmT5DJ5C7LTgx/react.DOKkFWbx.mjs:8:32130)
    at wt (https://framerusercontent.com/sites/HpXkx7LMLmT5DJ5C7LTgx/react.DOKkFWbx.mjs:1:10651)
    at MessagePort.Et (https://framerusercontent.com/sites/HpXkx7LMLmT5DJ5C7LTgx/react.DOKkFWbx.mjs:1:11006) 
    at div
    at s (https://framerusercontent.com/sites/HpXkx7LMLmT5DJ5C7LTgx/motion.gvA5cLOR.mjs:9:5740)
    at ce (https://framerusercontent.com/sites/HpXkx7LMLmT5DJ5C7LTgx/Yej_aT5yT.CokVIXcg.mjs:1:5398)
    at div
    at P (https://framerusercontent.com/sites/HpXkx7LMLmT5DJ5C7LTgx/Yej_aT5yT.CokVIXcg.mjs:17:52)
    at div
    at https://framerusercontent.com/sites/HpXkx7LMLmT5DJ5C7LTgx/framer.DEVGPC41.mjs:921:21086
    at https://framerusercontent.com/sites/HpXkx7LMLmT5DJ5C7LTgx/framer.DEVGPC41.mjs:83:40218
    at ET (https://framerusercontent.com/sites/HpXkx7LMLmT5DJ5C7LTgx/framer.DEVGPC41.mjs:928:678)
    at Suspense
    at lu (https://framerusercontent.com/sites/HpXkx7LMLmT5DJ5C7LTgx/framer.DEVGPC41.mjs:49:74165)
    at hu (https://framerusercontent.com/sites/HpXkx7LMLmT5DJ5C7LTgx/framer.DEVGPC41.mjs:49:74829)
    at mu (https://framerusercontent.com/sites/HpXkx7LMLmT5DJ5C7LTgx/framer.DEVGPC41.mjs:49:74691)
    at cf (https://framerusercontent.com/sites/HpXkx7LMLmT5DJ5C7LTgx/motion.gvA5cLOR.mjs:9:71317)
    at eo (https://framerusercontent.com/sites/HpXkx7LMLmT5DJ5C7LTgx/framer.DEVGPC41.mjs:49:27407)
    at div
    at s (https://framerusercontent.com/sites/HpXkx7LMLmT5DJ5C7LTgx/motion.gvA5cLOR.mjs:9:5740)
    at https://framerusercontent.com/sites/HpXkx7LMLmT5DJ5C7LTgx/framer.DEVGPC41.mjs:928:1367
    at https://framerusercontent.com/sites/HpXkx7LMLmT5DJ5C7LTgx/framer.DEVGPC41.mjs:921:26501
    at https://framerusercontent.com/sites/HpXkx7LMLmT5DJ5C7LTgx/framer.DEVGPC41.mjs:921:26314
    at div
    at div
    at s (https://framerusercontent.com/sites/HpXkx7LMLmT5DJ5C7LTgx/motion.gvA5cLOR.mjs:9:5740)
    at div
    at s (https://framerusercontent.com/sites/HpXkx7LMLmT5DJ5C7LTgx/motion.gvA5cLOR.mjs:9:5740)
    at cf (https://framerusercontent.com/sites/HpXkx7LMLmT5DJ5C7LTgx/motion.gvA5cLOR.mjs:9:71317)
    at https://framerusercontent.com/sites/HpXkx7LMLmT5DJ5C7LTgx/EY0WDUDIYSPmDyx-aGC58czUrBZ72vf66bh2j7inCtI.UmqM04oV.mjs:7:113942
    at https://framerusercontent.com/sites/HpXkx7LMLmT5DJ5C7LTgx/framer.DEVGPC41.mjs:83:40218
    at https://framerusercontent.com/sites/HpXkx7LMLmT5DJ5C7LTgx/framer.DEVGPC41.mjs:3:1056
    at div
    at s (https://framerusercontent.com/sites/HpXkx7LMLmT5DJ5C7LTgx/motion.gvA5cLOR.mjs:9:5740)
    at sa (https://framerusercontent.com/sites/HpXkx7LMLmT5DJ5C7LTgx/motion.gvA5cLOR.mjs:9:1422)
    at cf (https://framerusercontent.com/sites/HpXkx7LMLmT5DJ5C7LTgx/motion.gvA5cLOR.mjs:9:71317)
    at https://framerusercontent.com/sites/HpXkx7LMLmT5DJ5C7LTgx/framer.DEVGPC41.mjs:929:5541
    at cf (https://framerusercontent.com/sites/HpXkx7LMLmT5DJ5C7LTgx/motion.gvA5cLOR.mjs:9:71317)
    at https://framerusercontent.com/sites/HpXkx7LMLmT5DJ5C7LTgx/script_main.13xYY0YF.mjs:19:25710
    at https://framerusercontent.com/sites/HpXkx7LMLmT5DJ5C7LTgx/framer.DEVGPC41.mjs:83:40218
    at https://framerusercontent.com/sites/HpXkx7LMLmT5DJ5C7LTgx/framer.DEVGPC41.mjs:928:18413
    at Suspense
    at lu (https://framerusercontent.com/sites/HpXkx7LMLmT5DJ5C7LTgx/framer.DEVGPC41.mjs:49:74165)
    at wd (https://framerusercontent.com/sites/HpXkx7LMLmT5DJ5C7LTgx/framer.DEVGPC41.mjs:52:6437)
    at ss (https://framerusercontent.com/sites/HpXkx7LMLmT5DJ5C7LTgx/script_main.13xYY0YF.mjs:21:297)
    at op (https://framerusercontent.com/sites/HpXkx7LMLmT5DJ5C7LTgx/framer.DEVGPC41.mjs:54:8659)
    at px (https://framerusercontent.com/sites/HpXkx7LMLmT5DJ5C7LTgx/framer.DEVGPC41.mjs:83:6386)
    at Suspense
    at lu (https://framerusercontent.com/sites/HpXkx7LMLmT5DJ5C7LTgx/framer.DEVGPC41.mjs:49:74165)
    at xT (https://framerusercontent.com/sites/HpXkx7LMLmT5DJ5C7LTgx/framer.DEVGPC41.mjs:921:26600)
    at mf (https://framerusercontent.com/sites/HpXkx7LMLmT5DJ5C7LTgx/framer.DEVGPC41.mjs:52:18603)
    at mi (https://framerusercontent.com/sites/HpXkx7LMLmT5DJ5C7LTgx/framer.DEVGPC41.mjs:49:7589)
    at https://framerusercontent.com/sites/HpXkx7LMLmT5DJ5C7LTgx/framer.DEVGPC41.mjs:928:2407
    at https://framerusercontent.com/sites/HpXkx7LMLmT5DJ5C7LTgx/framer.DEVGPC41.mjs:83:40218
    at Vt (https://framerusercontent.com/sites/HpXkx7LMLmT5DJ5C7LTgx/framer.DEVGPC41.mjs:3:3254)
    at ap (https://framerusercontent.com/sites/HpXkx7LMLmT5DJ5C7LTgx/framer.DEVGPC41.mjs:54:3156)
    at Bf (https://framerusercontent.com/sites/HpXkx7LMLmT5DJ5C7LTgx/framer.DEVGPC41.mjs:52:23222)
    at dD (https://framerusercontent.com/sites/HpXkx7LMLmT5DJ5C7LTgx/framer.DEVGPC41.mjs:928:18182)
    at jn (https://framerusercontent.com/sites/HpXkx7LMLmT5DJ5C7LTgx/framer.DEVGPC41.mjs:7:9178)
    at sa (https://framerusercontent.com/sites/HpXkx7LMLmT5DJ5C7LTgx/motion.gvA5cLOR.mjs:9:1422)
    at ri (https://framerusercontent.com/sites/HpXkx7LMLmT5DJ5C7LTgx/framer.DEVGPC41.mjs:49:6885)
    at hp (https://framerusercontent.com/sites/HpXkx7LMLmT5DJ5C7LTgx/framer.DEVGPC41.mjs:54:9821)
    at aE (https://framerusercontent.com/sites/HpXkx7LMLmT5DJ5C7LTgx/framer.DEVGPC41.mjs:928:7598)
    at fr (https://framerusercontent.com/sites/HpXkx7LMLmT5DJ5C7LTgx/framer.DEVGPC41.mjs:7:14884) @ https://framerusercontent.com/sites/HpXkx7LMLmT5DJ5C7LTgx/script_main.13xYY0YF.mjs:20
[    1796ms] [WARNING] Caught a recoverable error. The site is still functional, but might have some UI flickering or degraded page load performance. If you are the author of this website, update external components and check recently added custom code or code overrides to fix the following server/client mismatches:
 Error: Minified React error #418; visit https://reactjs.org/docs/error-decoder.html?invariant=418 for the full message or use the non-minified dev environment for full errors and additional helpful warnings.
    at da (https://framerusercontent.com/sites/HpXkx7LMLmT5DJ5C7LTgx/react.DOKkFWbx.mjs:6:4235)
    at sp (https://framerusercontent.com/sites/HpXkx7LMLmT5DJ5C7LTgx/react.DOKkFWbx.mjs:8:68259)
    at $s (https://framerusercontent.com/sites/HpXkx7LMLmT5DJ5C7LTgx/react.DOKkFWbx.mjs:8:37073)
    at Qs (https://framerusercontent.com/sites/HpXkx7LMLmT5DJ5C7LTgx/react.DOKkFWbx.mjs:8:37046)
    at Ls (https://framerusercontent.com/sites/HpXkx7LMLmT5DJ5C7LTgx/react.DOKkFWbx.mjs:8:32130)
    at wt (https://framerusercontent.com/sites/HpXkx7LMLmT5DJ5C7LTgx/react.DOKkFWbx.mjs:1:10651)
    at MessagePort.Et (https://framerusercontent.com/sites/HpXkx7LMLmT5DJ5C7LTgx/react.DOKkFWbx.mjs:1:11006) 
    at div
    at s (https://framerusercontent.com/sites/HpXkx7LMLmT5DJ5C7LTgx/motion.gvA5cLOR.mjs:9:5740)
    at ce (https://framerusercontent.com/sites/HpXkx7LMLmT5DJ5C7LTgx/Yej_aT5yT.CokVIXcg.mjs:1:5398)
    at div
    at P (https://framerusercontent.com/sites/HpXkx7LMLmT5DJ5C7LTgx/Yej_aT5yT.CokVIXcg.mjs:17:52)
    at div
    at https://framerusercontent.com/sites/HpXkx7LMLmT5DJ5C7LTgx/framer.DEVGPC41.mjs:921:21086
    at https://framerusercontent.com/sites/HpXkx7LMLmT5DJ5C7LTgx/framer.DEVGPC41.mjs:83:40218
    at ET (https://framerusercontent.com/sites/HpXkx7LMLmT5DJ5C7LTgx/framer.DEVGPC41.mjs:928:678)
    at Suspense
    at lu (https://framerusercontent.com/sites/HpXkx7LMLmT5DJ5C7LTgx/framer.DEVGPC41.mjs:49:74165)
    at hu (https://framerusercontent.com/sites/HpXkx7LMLmT5DJ5C7LTgx/framer.DEVGPC41.mjs:49:74829)
    at mu (https://framerusercontent.com/sites/HpXkx7LMLmT5DJ5C7LTgx/framer.DEVGPC41.mjs:49:74691)
    at cf (https://framerusercontent.com/sites/HpXkx7LMLmT5DJ5C7LTgx/motion.gvA5cLOR.mjs:9:71317)
    at eo (https://framerusercontent.com/sites/HpXkx7LMLmT5DJ5C7LTgx/framer.DEVGPC41.mjs:49:27407)
    at div
    at s (https://framerusercontent.com/sites/HpXkx7LMLmT5DJ5C7LTgx/motion.gvA5cLOR.mjs:9:5740)
    at https://framerusercontent.com/sites/HpXkx7LMLmT5DJ5C7LTgx/framer.DEVGPC41.mjs:928:1367
    at https://framerusercontent.com/sites/HpXkx7LMLmT5DJ5C7LTgx/framer.DEVGPC41.mjs:921:26501
    at https://framerusercontent.com/sites/HpXkx7LMLmT5DJ5C7LTgx/framer.DEVGPC41.mjs:921:26314
    at div
    at div
    at s (https://framerusercontent.com/sites/HpXkx7LMLmT5DJ5C7LTgx/motion.gvA5cLOR.mjs:9:5740)
    at div
    at s (https://framerusercontent.com/sites/HpXkx7LMLmT5DJ5C7LTgx/motion.gvA5cLOR.mjs:9:5740)
    at cf (https://framerusercontent.com/sites/HpXkx7LMLmT5DJ5C7LTgx/motion.gvA5cLOR.mjs:9:71317)
    at https://framerusercontent.com/sites/HpXkx7LMLmT5DJ5C7LTgx/EY0WDUDIYSPmDyx-aGC58czUrBZ72vf66bh2j7inCtI.UmqM04oV.mjs:7:113942
    at https://framerusercontent.com/sites/HpXkx7LMLmT5DJ5C7LTgx/framer.DEVGPC41.mjs:83:40218
    at https://framerusercontent.com/sites/HpXkx7LMLmT5DJ5C7LTgx/framer.DEVGPC41.mjs:3:1056
    at div
    at s (https://framerusercontent.com/sites/HpXkx7LMLmT5DJ5C7LTgx/motion.gvA5cLOR.mjs:9:5740)
    at sa (https://framerusercontent.com/sites/HpXkx7LMLmT5DJ5C7LTgx/motion.gvA5cLOR.mjs:9:1422)
    at cf (https://framerusercontent.com/sites/HpXkx7LMLmT5DJ5C7LTgx/motion.gvA5cLOR.mjs:9:71317)
    at https://framerusercontent.com/sites/HpXkx7LMLmT5DJ5C7LTgx/framer.DEVGPC41.mjs:929:5541
    at cf (https://framerusercontent.com/sites/HpXkx7LMLmT5DJ5C7LTgx/motion.gvA5cLOR.mjs:9:71317)
    at https://framerusercontent.com/sites/HpXkx7LMLmT5DJ5C7LTgx/script_main.13xYY0YF.mjs:19:25710
    at https://framerusercontent.com/sites/HpXkx7LMLmT5DJ5C7LTgx/framer.DEVGPC41.mjs:83:40218
    at https://framerusercontent.com/sites/HpXkx7LMLmT5DJ5C7LTgx/framer.DEVGPC41.mjs:928:18413
    at Suspense
    at lu (https://framerusercontent.com/sites/HpXkx7LMLmT5DJ5C7LTgx/framer.DEVGPC41.mjs:49:74165)
    at wd (https://framerusercontent.com/sites/HpXkx7LMLmT5DJ5C7LTgx/framer.DEVGPC41.mjs:52:6437)
    at ss (https://framerusercontent.com/sites/HpXkx7LMLmT5DJ5C7LTgx/script_main.13xYY0YF.mjs:21:297)
    at op (https://framerusercontent.com/sites/HpXkx7LMLmT5DJ5C7LTgx/framer.DEVGPC41.mjs:54:8659)
    at px (https://framerusercontent.com/sites/HpXkx7LMLmT5DJ5C7LTgx/framer.DEVGPC41.mjs:83:6386)
    at Suspense
    at lu (https://framerusercontent.com/sites/HpXkx7LMLmT5DJ5C7LTgx/framer.DEVGPC41.mjs:49:74165)
    at xT (https://framerusercontent.com/sites/HpXkx7LMLmT5DJ5C7LTgx/framer.DEVGPC41.mjs:921:26600)
    at mf (https://framerusercontent.com/sites/HpXkx7LMLmT5DJ5C7LTgx/framer.DEVGPC41.mjs:52:18603)
    at mi (https://framerusercontent.com/sites/HpXkx7LMLmT5DJ5C7LTgx/framer.DEVGPC41.mjs:49:7589)
    at https://framerusercontent.com/sites/HpXkx7LMLmT5DJ5C7LTgx/framer.DEVGPC41.mjs:928:2407
    at https://framerusercontent.com/sites/HpXkx7LMLmT5DJ5C7LTgx/framer.DEVGPC41.mjs:83:40218
    at Vt (https://framerusercontent.com/sites/HpXkx7LMLmT5DJ5C7LTgx/framer.DEVGPC41.mjs:3:3254)
    at ap (https://framerusercontent.com/sites/HpXkx7LMLmT5DJ5C7LTgx/framer.DEVGPC41.mjs:54:3156)
    at Bf (https://framerusercontent.com/sites/HpXkx7LMLmT5DJ5C7LTgx/framer.DEVGPC41.mjs:52:23222)
    at dD (https://framerusercontent.com/sites/HpXkx7LMLmT5DJ5C7LTgx/framer.DEVGPC41.mjs:928:18182)
    at jn (https://framerusercontent.com/sites/HpXkx7LMLmT5DJ5C7LTgx/framer.DEVGPC41.mjs:7:9178)
    at sa (https://framerusercontent.com/sites/HpXkx7LMLmT5DJ5C7LTgx/motion.gvA5cLOR.mjs:9:1422)
    at ri (https://framerusercontent.com/sites/HpXkx7LMLmT5DJ5C7LTgx/framer.DEVGPC41.mjs:49:6885)
    at hp (https://framerusercontent.com/sites/HpXkx7LMLmT5DJ5C7LTgx/framer.DEVGPC41.mjs:54:9821)
    at aE (https://framerusercontent.com/sites/HpXkx7LMLmT5DJ5C7LTgx/framer.DEVGPC41.mjs:928:7598)
    at fr (https://framerusercontent.com/sites/HpXkx7LMLmT5DJ5C7LTgx/framer.DEVGPC41.mjs:7:14884) @ https://framerusercontent.com/sites/HpXkx7LMLmT5DJ5C7LTgx/script_main.13xYY0YF.mjs:20
[    1797ms] [WARNING] Caught a recoverable error. The site is still functional, but might have some UI flickering or degraded page load performance. If you are the author of this website, update external components and check recently added custom code or code overrides to fix the following server/client mismatches:
 Error: Minified React error #418; visit https://reactjs.org/docs/error-decoder.html?invariant=418 for the full message or use the non-minified dev environment for full errors and additional helpful warnings.
    at da (https://framerusercontent.com/sites/HpXkx7LMLmT5DJ5C7LTgx/react.DOKkFWbx.mjs:6:4235)
    at sp (https://framerusercontent.com/sites/HpXkx7LMLmT5DJ5C7LTgx/react.DOKkFWbx.mjs:8:68259)
    at $s (https://framerusercontent.com/sites/HpXkx7LMLmT5DJ5C7LTgx/react.DOKkFWbx.mjs:8:37073)
    at Qs (https://framerusercontent.com/sites/HpXkx7LMLmT5DJ5C7LTgx/react.DOKkFWbx.mjs:8:37046)
    at Ls (https://framerusercontent.com/sites/HpXkx7LMLmT5DJ5C7LTgx/react.DOKkFWbx.mjs:8:32130)
    at wt (https://framerusercontent.com/sites/HpXkx7LMLmT5DJ5C7LTgx/react.DOKkFWbx.mjs:1:10651)
    at MessagePort.Et (https://framerusercontent.com/sites/HpXkx7LMLmT5DJ5C7LTgx/react.DOKkFWbx.mjs:1:11006) 
    at div
    at s (https://framerusercontent.com/sites/HpXkx7LMLmT5DJ5C7LTgx/motion.gvA5cLOR.mjs:9:5740)
    at ce (https://framerusercontent.com/sites/HpXkx7LMLmT5DJ5C7LTgx/Yej_aT5yT.CokVIXcg.mjs:1:5398)
    at div
    at P (https://framerusercontent.com/sites/HpXkx7LMLmT5DJ5C7LTgx/Yej_aT5yT.CokVIXcg.mjs:17:52)
    at div
    at https://framerusercontent.com/sites/HpXkx7LMLmT5DJ5C7LTgx/framer.DEVGPC41.mjs:921:21086
    at https://framerusercontent.com/sites/HpXkx7LMLmT5DJ5C7LTgx/framer.DEVGPC41.mjs:83:40218
    at ET (https://framerusercontent.com/sites/HpXkx7LMLmT5DJ5C7LTgx/framer.DEVGPC41.mjs:928:678)
    at Suspense
    at lu (https://framerusercontent.com/sites/HpXkx7LMLmT5DJ5C7LTgx/framer.DEVGPC41.mjs:49:74165)
    at hu (https://framerusercontent.com/sites/HpXkx7LMLmT5DJ5C7LTgx/framer.DEVGPC41.mjs:49:74829)
    at mu (https://framerusercontent.com/sites/HpXkx7LMLmT5DJ5C7LTgx/framer.DEVGPC41.mjs:49:74691)
    at cf (https://framerusercontent.com/sites/HpXkx7LMLmT5DJ5C7LTgx/motion.gvA5cLOR.mjs:9:71317)
    at eo (https://framerusercontent.com/sites/HpXkx7LMLmT5DJ5C7LTgx/framer.DEVGPC41.mjs:49:27407)
    at div
    at s (https://framerusercontent.com/sites/HpXkx7LMLmT5DJ5C7LTgx/motion.gvA5cLOR.mjs:9:5740)
    at https://framerusercontent.com/sites/HpXkx7LMLmT5DJ5C7LTgx/framer.DEVGPC41.mjs:928:1367
    at https://framerusercontent.com/sites/HpXkx7LMLmT5DJ5C7LTgx/framer.DEVGPC41.mjs:921:26501
    at https://framerusercontent.com/sites/HpXkx7LMLmT5DJ5C7LTgx/framer.DEVGPC41.mjs:921:26314
    at div
    at div
    at s (https://framerusercontent.com/sites/HpXkx7LMLmT5DJ5C7LTgx/motion.gvA5cLOR.mjs:9:5740)
    at div
    at s (https://framerusercontent.com/sites/HpXkx7LMLmT5DJ5C7LTgx/motion.gvA5cLOR.mjs:9:5740)
    at cf (https://framerusercontent.com/sites/HpXkx7LMLmT5DJ5C7LTgx/motion.gvA5cLOR.mjs:9:71317)
    at https://framerusercontent.com/sites/HpXkx7LMLmT5DJ5C7LTgx/EY0WDUDIYSPmDyx-aGC58czUrBZ72vf66bh2j7inCtI.UmqM04oV.mjs:7:113942
    at https://framerusercontent.com/sites/HpXkx7LMLmT5DJ5C7LTgx/framer.DEVGPC41.mjs:83:40218
    at https://framerusercontent.com/sites/HpXkx7LMLmT5DJ5C7LTgx/framer.DEVGPC41.mjs:3:1056
    at div
    at s (https://framerusercontent.com/sites/HpXkx7LMLmT5DJ5C7LTgx/motion.gvA5cLOR.mjs:9:5740)
    at sa (https://framerusercontent.com/sites/HpXkx7LMLmT5DJ5C7LTgx/motion.gvA5cLOR.mjs:9:1422)
    at cf (https://framerusercontent.com/sites/HpXkx7LMLmT5DJ5C7LTgx/motion.gvA5cLOR.mjs:9:71317)
    at https://framerusercontent.com/sites/HpXkx7LMLmT5DJ5C7LTgx/framer.DEVGPC41.mjs:929:5541
    at cf (https://framerusercontent.com/sites/HpXkx7LMLmT5DJ5C7LTgx/motion.gvA5cLOR.mjs:9:71317)
    at https://framerusercontent.com/sites/HpXkx7LMLmT5DJ5C7LTgx/script_main.13xYY0YF.mjs:19:25710
    at https://framerusercontent.com/sites/HpXkx7LMLmT5DJ5C7LTgx/framer.DEVGPC41.mjs:83:40218
    at https://framerusercontent.com/sites/HpXkx7LMLmT5DJ5C7LTgx/framer.DEVGPC41.mjs:928:18413
    at Suspense
    at lu (https://framerusercontent.com/sites/HpXkx7LMLmT5DJ5C7LTgx/framer.DEVGPC41.mjs:49:74165)
    at wd (https://framerusercontent.com/sites/HpXkx7LMLmT5DJ5C7LTgx/framer.DEVGPC41.mjs:52:6437)
    at ss (https://framerusercontent.com/sites/HpXkx7LMLmT5DJ5C7LTgx/script_main.13xYY0YF.mjs:21:297)
    at op (https://framerusercontent.com/sites/HpXkx7LMLmT5DJ5C7LTgx/framer.DEVGPC41.mjs:54:8659)
    at px (https://framerusercontent.com/sites/HpXkx7LMLmT5DJ5C7LTgx/framer.DEVGPC41.mjs:83:6386)
    at Suspense
    at lu (https://framerusercontent.com/sites/HpXkx7LMLmT5DJ5C7LTgx/framer.DEVGPC41.mjs:49:74165)
    at xT (https://framerusercontent.com/sites/HpXkx7LMLmT5DJ5C7LTgx/framer.DEVGPC41.mjs:921:26600)
    at mf (https://framerusercontent.com/sites/HpXkx7LMLmT5DJ5C7LTgx/framer.DEVGPC41.mjs:52:18603)
    at mi (https://framerusercontent.com/sites/HpXkx7LMLmT5DJ5C7LTgx/framer.DEVGPC41.mjs:49:7589)
    at https://framerusercontent.com/sites/HpXkx7LMLmT5DJ5C7LTgx/framer.DEVGPC41.mjs:928:2407
    at https://framerusercontent.com/sites/HpXkx7LMLmT5DJ5C7LTgx/framer.DEVGPC41.mjs:83:40218
    at Vt (https://framerusercontent.com/sites/HpXkx7LMLmT5DJ5C7LTgx/framer.DEVGPC41.mjs:3:3254)
    at ap (https://framerusercontent.com/sites/HpXkx7LMLmT5DJ5C7LTgx/framer.DEVGPC41.mjs:54:3156)
    at Bf (https://framerusercontent.com/sites/HpXkx7LMLmT5DJ5C7LTgx/framer.DEVGPC41.mjs:52:23222)
    at dD (https://framerusercontent.com/sites/HpXkx7LMLmT5DJ5C7LTgx/framer.DEVGPC41.mjs:928:18182)
    at jn (https://framerusercontent.com/sites/HpXkx7LMLmT5DJ5C7LTgx/framer.DEVGPC41.mjs:7:9178)
    at sa (https://framerusercontent.com/sites/HpXkx7LMLmT5DJ5C7LTgx/motion.gvA5cLOR.mjs:9:1422)
    at ri (https://framerusercontent.com/sites/HpXkx7LMLmT5DJ5C7LTgx/framer.DEVGPC41.mjs:49:6885)
    at hp (https://framerusercontent.com/sites/HpXkx7LMLmT5DJ5C7LTgx/framer.DEVGPC41.mjs:54:9821)
    at aE (https://framerusercontent.com/sites/HpXkx7LMLmT5DJ5C7LTgx/framer.DEVGPC41.mjs:928:7598)
    at fr (https://framerusercontent.com/sites/HpXkx7LMLmT5DJ5C7LTgx/framer.DEVGPC41.mjs:7:14884) @ https://framerusercontent.com/sites/HpXkx7LMLmT5DJ5C7LTgx/script_main.13xYY0YF.mjs:20
[    1797ms] [WARNING] Caught a recoverable error. The site is still functional, but might have some UI flickering or degraded page load performance. If you are the author of this website, update external components and check recently added custom code or code overrides to fix the following server/client mismatches:
 Error: Minified React error #418; visit https://reactjs.org/docs/error-decoder.html?invariant=418 for the full message or use the non-minified dev environment for full errors and additional helpful warnings.
    at da (https://framerusercontent.com/sites/HpXkx7LMLmT5DJ5C7LTgx/react.DOKkFWbx.mjs:6:4235)
    at sp (https://framerusercontent.com/sites/HpXkx7LMLmT5DJ5C7LTgx/react.DOKkFWbx.mjs:8:68259)
    at $s (https://framerusercontent.com/sites/HpXkx7LMLmT5DJ5C7LTgx/react.DOKkFWbx.mjs:8:37073)
    at Qs (https://framerusercontent.com/sites/HpXkx7LMLmT5DJ5C7LTgx/react.DOKkFWbx.mjs:8:37046)
    at Ls (https://framerusercontent.com/sites/HpXkx7LMLmT5DJ5C7LTgx/react.DOKkFWbx.mjs:8:32130)
    at wt (https://framerusercontent.com/sites/HpXkx7LMLmT5DJ5C7LTgx/react.DOKkFWbx.mjs:1:10651)
    at MessagePort.Et (https://framerusercontent.com/sites/HpXkx7LMLmT5DJ5C7LTgx/react.DOKkFWbx.mjs:1:11006) 
    at div
    at s (https://framerusercontent.com/sites/HpXkx7LMLmT5DJ5C7LTgx/motion.gvA5cLOR.mjs:9:5740)
    at ce (https://framerusercontent.com/sites/HpXkx7LMLmT5DJ5C7LTgx/Yej_aT5yT.CokVIXcg.mjs:1:5398)
    at div
    at P (https://framerusercontent.com/sites/HpXkx7LMLmT5DJ5C7LTgx/Yej_aT5yT.CokVIXcg.mjs:17:52)
    at div
    at https://framerusercontent.com/sites/HpXkx7LMLmT5DJ5C7LTgx/framer.DEVGPC41.mjs:921:21086
    at https://framerusercontent.com/sites/HpXkx7LMLmT5DJ5C7LTgx/framer.DEVGPC41.mjs:83:40218
    at ET (https://framerusercontent.com/sites/HpXkx7LMLmT5DJ5C7LTgx/framer.DEVGPC41.mjs:928:678)
    at Suspense
    at lu (https://framerusercontent.com/sites/HpXkx7LMLmT5DJ5C7LTgx/framer.DEVGPC41.mjs:49:74165)
    at hu (https://framerusercontent.com/sites/HpXkx7LMLmT5DJ5C7LTgx/framer.DEVGPC41.mjs:49:74829)
    at mu (https://framerusercontent.com/sites/HpXkx7LMLmT5DJ5C7LTgx/framer.DEVGPC41.mjs:49:74691)
    at cf (https://framerusercontent.com/sites/HpXkx7LMLmT5DJ5C7LTgx/motion.gvA5cLOR.mjs:9:71317)
    at eo (https://framerusercontent.com/sites/HpXkx7LMLmT5DJ5C7LTgx/framer.DEVGPC41.mjs:49:27407)
    at div
    at s (https://framerusercontent.com/sites/HpXkx7LMLmT5DJ5C7LTgx/motion.gvA5cLOR.mjs:9:5740)
    at https://framerusercontent.com/sites/HpXkx7LMLmT5DJ5C7LTgx/framer.DEVGPC41.mjs:928:1367
    at https://framerusercontent.com/sites/HpXkx7LMLmT5DJ5C7LTgx/framer.DEVGPC41.mjs:921:26501
    at https://framerusercontent.com/sites/HpXkx7LMLmT5DJ5C7LTgx/framer.DEVGPC41.mjs:921:26314
    at div
    at div
    at s (https://framerusercontent.com/sites/HpXkx7LMLmT5DJ5C7LTgx/motion.gvA5cLOR.mjs:9:5740)
    at div
    at s (https://framerusercontent.com/sites/HpXkx7LMLmT5DJ5C7LTgx/motion.gvA5cLOR.mjs:9:5740)
    at cf (https://framerusercontent.com/sites/HpXkx7LMLmT5DJ5C7LTgx/motion.gvA5cLOR.mjs:9:71317)
    at https://framerusercontent.com/sites/HpXkx7LMLmT5DJ5C7LTgx/EY0WDUDIYSPmDyx-aGC58czUrBZ72vf66bh2j7inCtI.UmqM04oV.mjs:7:113942
    at https://framerusercontent.com/sites/HpXkx7LMLmT5DJ5C7LTgx/framer.DEVGPC41.mjs:83:40218
    at https://framerusercontent.com/sites/HpXkx7LMLmT5DJ5C7LTgx/framer.DEVGPC41.mjs:3:1056
    at div
    at s (https://framerusercontent.com/sites/HpXkx7LMLmT5DJ5C7LTgx/motion.gvA5cLOR.mjs:9:5740)
    at sa (https://framerusercontent.com/sites/HpXkx7LMLmT5DJ5C7LTgx/motion.gvA5cLOR.mjs:9:1422)
    at cf (https://framerusercontent.com/sites/HpXkx7LMLmT5DJ5C7LTgx/motion.gvA5cLOR.mjs:9:71317)
    at https://framerusercontent.com/sites/HpXkx7LMLmT5DJ5C7LTgx/framer.DEVGPC41.mjs:929:5541
    at cf (https://framerusercontent.com/sites/HpXkx7LMLmT5DJ5C7LTgx/motion.gvA5cLOR.mjs:9:71317)
    at https://framerusercontent.com/sites/HpXkx7LMLmT5DJ5C7LTgx/script_main.13xYY0YF.mjs:19:25710
    at https://framerusercontent.com/sites/HpXkx7LMLmT5DJ5C7LTgx/framer.DEVGPC41.mjs:83:40218
    at https://framerusercontent.com/sites/HpXkx7LMLmT5DJ5C7LTgx/framer.DEVGPC41.mjs:928:18413
    at Suspense
    at lu (https://framerusercontent.com/sites/HpXkx7LMLmT5DJ5C7LTgx/framer.DEVGPC41.mjs:49:74165)
    at wd (https://framerusercontent.com/sites/HpXkx7LMLmT5DJ5C7LTgx/framer.DEVGPC41.mjs:52:6437)
    at ss (https://framerusercontent.com/sites/HpXkx7LMLmT5DJ5C7LTgx/script_main.13xYY0YF.mjs:21:297)
    at op (https://framerusercontent.com/sites/HpXkx7LMLmT5DJ5C7LTgx/framer.DEVGPC41.mjs:54:8659)
    at px (https://framerusercontent.com/sites/HpXkx7LMLmT5DJ5C7LTgx/framer.DEVGPC41.mjs:83:6386)
    at Suspense
    at lu (https://framerusercontent.com/sites/HpXkx7LMLmT5DJ5C7LTgx/framer.DEVGPC41.mjs:49:74165)
    at xT (https://framerusercontent.com/sites/HpXkx7LMLmT5DJ5C7LTgx/framer.DEVGPC41.mjs:921:26600)
    at mf (https://framerusercontent.com/sites/HpXkx7LMLmT5DJ5C7LTgx/framer.DEVGPC41.mjs:52:18603)
    at mi (https://framerusercontent.com/sites/HpXkx7LMLmT5DJ5C7LTgx/framer.DEVGPC41.mjs:49:7589)
    at https://framerusercontent.com/sites/HpXkx7LMLmT5DJ5C7LTgx/framer.DEVGPC41.mjs:928:2407
    at https://framerusercontent.com/sites/HpXkx7LMLmT5DJ5C7LTgx/framer.DEVGPC41.mjs:83:40218
    at Vt (https://framerusercontent.com/sites/HpXkx7LMLmT5DJ5C7LTgx/framer.DEVGPC41.mjs:3:3254)
    at ap (https://framerusercontent.com/sites/HpXkx7LMLmT5DJ5C7LTgx/framer.DEVGPC41.mjs:54:3156)
    at Bf (https://framerusercontent.com/sites/HpXkx7LMLmT5DJ5C7LTgx/framer.DEVGPC41.mjs:52:23222)
    at dD (https://framerusercontent.com/sites/HpXkx7LMLmT5DJ5C7LTgx/framer.DEVGPC41.mjs:928:18182)
    at jn (https://framerusercontent.com/sites/HpXkx7LMLmT5DJ5C7LTgx/framer.DEVGPC41.mjs:7:9178)
    at sa (https://framerusercontent.com/sites/HpXkx7LMLmT5DJ5C7LTgx/motion.gvA5cLOR.mjs:9:1422)
    at ri (https://framerusercontent.com/sites/HpXkx7LMLmT5DJ5C7LTgx/framer.DEVGPC41.mjs:49:6885)
    at hp (https://framerusercontent.com/sites/HpXkx7LMLmT5DJ5C7LTgx/framer.DEVGPC41.mjs:54:9821)
    at aE (https://framerusercontent.com/sites/HpXkx7LMLmT5DJ5C7LTgx/framer.DEVGPC41.mjs:928:7598)
    at fr (https://framerusercontent.com/sites/HpXkx7LMLmT5DJ5C7LTgx/framer.DEVGPC41.mjs:7:14884) @ https://framerusercontent.com/sites/HpXkx7LMLmT5DJ5C7LTgx/script_main.13xYY0YF.mjs:20
[    1797ms] [WARNING] Caught a recoverable error. The site is still functional, but might have some UI flickering or degraded page load performance. If you are the author of this website, update external components and check recently added custom code or code overrides to fix the following server/client mismatches:
 Error: Minified React error #418; visit https://reactjs.org/docs/error-decoder.html?invariant=418 for the full message or use the non-minified dev environment for full errors and additional helpful warnings.
    at da (https://framerusercontent.com/sites/HpXkx7LMLmT5DJ5C7LTgx/react.DOKkFWbx.mjs:6:4235)
    at sp (https://framerusercontent.com/sites/HpXkx7LMLmT5DJ5C7LTgx/react.DOKkFWbx.mjs:8:68259)
    at $s (https://framerusercontent.com/sites/HpXkx7LMLmT5DJ5C7LTgx/react.DOKkFWbx.mjs:8:37073)
    at Qs (https://framerusercontent.com/sites/HpXkx7LMLmT5DJ5C7LTgx/react.DOKkFWbx.mjs:8:37046)
    at Ls (https://framerusercontent.com/sites/HpXkx7LMLmT5DJ5C7LTgx/react.DOKkFWbx.mjs:8:32130)
    at wt (https://framerusercontent.com/sites/HpXkx7LMLmT5DJ5C7LTgx/react.DOKkFWbx.mjs:1:10651)
    at MessagePort.Et (https://framerusercontent.com/sites/HpXkx7LMLmT5DJ5C7LTgx/react.DOKkFWbx.mjs:1:11006) 
    at div
    at s (https://framerusercontent.com/sites/HpXkx7LMLmT5DJ5C7LTgx/motion.gvA5cLOR.mjs:9:5740)
    at ce (https://framerusercontent.com/sites/HpXkx7LMLmT5DJ5C7LTgx/Yej_aT5yT.CokVIXcg.mjs:1:5398)
    at div
    at P (https://framerusercontent.com/sites/HpXkx7LMLmT5DJ5C7LTgx/Yej_aT5yT.CokVIXcg.mjs:17:52)
    at div
    at https://framerusercontent.com/sites/HpXkx7LMLmT5DJ5C7LTgx/framer.DEVGPC41.mjs:921:21086
    at https://framerusercontent.com/sites/HpXkx7LMLmT5DJ5C7LTgx/framer.DEVGPC41.mjs:83:40218
    at ET (https://framerusercontent.com/sites/HpXkx7LMLmT5DJ5C7LTgx/framer.DEVGPC41.mjs:928:678)
    at Suspense
    at lu (https://framerusercontent.com/sites/HpXkx7LMLmT5DJ5C7LTgx/framer.DEVGPC41.mjs:49:74165)
    at hu (https://framerusercontent.com/sites/HpXkx7LMLmT5DJ5C7LTgx/framer.DEVGPC41.mjs:49:74829)
    at mu (https://framerusercontent.com/sites/HpXkx7LMLmT5DJ5C7LTgx/framer.DEVGPC41.mjs:49:74691)
    at cf (https://framerusercontent.com/sites/HpXkx7LMLmT5DJ5C7LTgx/motion.gvA5cLOR.mjs:9:71317)
    at eo (https://framerusercontent.com/sites/HpXkx7LMLmT5DJ5C7LTgx/framer.DEVGPC41.mjs:49:27407)
    at div
    at s (https://framerusercontent.com/sites/HpXkx7LMLmT5DJ5C7LTgx/motion.gvA5cLOR.mjs:9:5740)
    at https://framerusercontent.com/sites/HpXkx7LMLmT5DJ5C7LTgx/framer.DEVGPC41.mjs:928:1367
    at https://framerusercontent.com/sites/HpXkx7LMLmT5DJ5C7LTgx/framer.DEVGPC41.mjs:921:26501
    at https://framerusercontent.com/sites/HpXkx7LMLmT5DJ5C7LTgx/framer.DEVGPC41.mjs:921:26314
    at div
    at div
    at s (https://framerusercontent.com/sites/HpXkx7LMLmT5DJ5C7LTgx/motion.gvA5cLOR.mjs:9:5740)
    at div
    at s (https://framerusercontent.com/sites/HpXkx7LMLmT5DJ5C7LTgx/motion.gvA5cLOR.mjs:9:5740)
    at cf (https://framerusercontent.com/sites/HpXkx7LMLmT5DJ5C7LTgx/motion.gvA5cLOR.mjs:9:71317)
    at https://framerusercontent.com/sites/HpXkx7LMLmT5DJ5C7LTgx/EY0WDUDIYSPmDyx-aGC58czUrBZ72vf66bh2j7inCtI.UmqM04oV.mjs:7:113942
    at https://framerusercontent.com/sites/HpXkx7LMLmT5DJ5C7LTgx/framer.DEVGPC41.mjs:83:40218
    at https://framerusercontent.com/sites/HpXkx7LMLmT5DJ5C7LTgx/framer.DEVGPC41.mjs:3:1056
    at div
    at s (https://framerusercontent.com/sites/HpXkx7LMLmT5DJ5C7LTgx/motion.gvA5cLOR.mjs:9:5740)
    at sa (https://framerusercontent.com/sites/HpXkx7LMLmT5DJ5C7LTgx/motion.gvA5cLOR.mjs:9:1422)
    at cf (https://framerusercontent.com/sites/HpXkx7LMLmT5DJ5C7LTgx/motion.gvA5cLOR.mjs:9:71317)
    at https://framerusercontent.com/sites/HpXkx7LMLmT5DJ5C7LTgx/framer.DEVGPC41.mjs:929:5541
    at cf (https://framerusercontent.com/sites/HpXkx7LMLmT5DJ5C7LTgx/motion.gvA5cLOR.mjs:9:71317)
    at https://framerusercontent.com/sites/HpXkx7LMLmT5DJ5C7LTgx/script_main.13xYY0YF.mjs:19:25710
    at https://framerusercontent.com/sites/HpXkx7LMLmT5DJ5C7LTgx/framer.DEVGPC41.mjs:83:40218
    at https://framerusercontent.com/sites/HpXkx7LMLmT5DJ5C7LTgx/framer.DEVGPC41.mjs:928:18413
    at Suspense
    at lu (https://framerusercontent.com/sites/HpXkx7LMLmT5DJ5C7LTgx/framer.DEVGPC41.mjs:49:74165)
    at wd (https://framerusercontent.com/sites/HpXkx7LMLmT5DJ5C7LTgx/framer.DEVGPC41.mjs:52:6437)
    at ss (https://framerusercontent.com/sites/HpXkx7LMLmT5DJ5C7LTgx/script_main.13xYY0YF.mjs:21:297)
    at op (https://framerusercontent.com/sites/HpXkx7LMLmT5DJ5C7LTgx/framer.DEVGPC41.mjs:54:8659)
    at px (https://framerusercontent.com/sites/HpXkx7LMLmT5DJ5C7LTgx/framer.DEVGPC41.mjs:83:6386)
    at Suspense
    at lu (https://framerusercontent.com/sites/HpXkx7LMLmT5DJ5C7LTgx/framer.DEVGPC41.mjs:49:74165)
    at xT (https://framerusercontent.com/sites/HpXkx7LMLmT5DJ5C7LTgx/framer.DEVGPC41.mjs:921:26600)
    at mf (https://framerusercontent.com/sites/HpXkx7LMLmT5DJ5C7LTgx/framer.DEVGPC41.mjs:52:18603)
    at mi (https://framerusercontent.com/sites/HpXkx7LMLmT5DJ5C7LTgx/framer.DEVGPC41.mjs:49:7589)
    at https://framerusercontent.com/sites/HpXkx7LMLmT5DJ5C7LTgx/framer.DEVGPC41.mjs:928:2407
    at https://framerusercontent.com/sites/HpXkx7LMLmT5DJ5C7LTgx/framer.DEVGPC41.mjs:83:40218
    at Vt (https://framerusercontent.com/sites/HpXkx7LMLmT5DJ5C7LTgx/framer.DEVGPC41.mjs:3:3254)
    at ap (https://framerusercontent.com/sites/HpXkx7LMLmT5DJ5C7LTgx/framer.DEVGPC41.mjs:54:3156)
    at Bf (https://framerusercontent.com/sites/HpXkx7LMLmT5DJ5C7LTgx/framer.DEVGPC41.mjs:52:23222)
    at dD (https://framerusercontent.com/sites/HpXkx7LMLmT5DJ5C7LTgx/framer.DEVGPC41.mjs:928:18182)
    at jn (https://framerusercontent.com/sites/HpXkx7LMLmT5DJ5C7LTgx/framer.DEVGPC41.mjs:7:9178)
    at sa (https://framerusercontent.com/sites/HpXkx7LMLmT5DJ5C7LTgx/motion.gvA5cLOR.mjs:9:1422)
    at ri (https://framerusercontent.com/sites/HpXkx7LMLmT5DJ5C7LTgx/framer.DEVGPC41.mjs:49:6885)
    at hp (https://framerusercontent.com/sites/HpXkx7LMLmT5DJ5C7LTgx/framer.DEVGPC41.mjs:54:9821)
    at aE (https://framerusercontent.com/sites/HpXkx7LMLmT5DJ5C7LTgx/framer.DEVGPC41.mjs:928:7598)
    at fr (https://framerusercontent.com/sites/HpXkx7LMLmT5DJ5C7LTgx/framer.DEVGPC41.mjs:7:14884) @ https://framerusercontent.com/sites/HpXkx7LMLmT5DJ5C7LTgx/script_main.13xYY0YF.mjs:20
[    1797ms] [WARNING] Caught a recoverable error. The site is still functional, but might have some UI flickering or degraded page load performance. If you are the author of this website, update external components and check recently added custom code or code overrides to fix the following server/client mismatches:
 Error: Minified React error #418; visit https://reactjs.org/docs/error-decoder.html?invariant=418 for the full message or use the non-minified dev environment for full errors and additional helpful warnings.
    at da (https://framerusercontent.com/sites/HpXkx7LMLmT5DJ5C7LTgx/react.DOKkFWbx.mjs:6:4235)
    at sp (https://framerusercontent.com/sites/HpXkx7LMLmT5DJ5C7LTgx/react.DOKkFWbx.mjs:8:68259)
    at $s (https://framerusercontent.com/sites/HpXkx7LMLmT5DJ5C7LTgx/react.DOKkFWbx.mjs:8:37073)
    at Qs (https://framerusercontent.com/sites/HpXkx7LMLmT5DJ5C7LTgx/react.DOKkFWbx.mjs:8:37046)
    at Ls (https://framerusercontent.com/sites/HpXkx7LMLmT5DJ5C7LTgx/react.DOKkFWbx.mjs:8:32130)
    at wt (https://framerusercontent.com/sites/HpXkx7LMLmT5DJ5C7LTgx/react.DOKkFWbx.mjs:1:10651)
    at MessagePort.Et (https://framerusercontent.com/sites/HpXkx7LMLmT5DJ5C7LTgx/react.DOKkFWbx.mjs:1:11006) 
    at div
    at s (https://framerusercontent.com/sites/HpXkx7LMLmT5DJ5C7LTgx/motion.gvA5cLOR.mjs:9:5740)
    at ce (https://framerusercontent.com/sites/HpXkx7LMLmT5DJ5C7LTgx/Yej_aT5yT.CokVIXcg.mjs:1:5398)
    at div
    at P (https://framerusercontent.com/sites/HpXkx7LMLmT5DJ5C7LTgx/Yej_aT5yT.CokVIXcg.mjs:17:52)
    at div
    at https://framerusercontent.com/sites/HpXkx7LMLmT5DJ5C7LTgx/framer.DEVGPC41.mjs:921:21086
    at https://framerusercontent.com/sites/HpXkx7LMLmT5DJ5C7LTgx/framer.DEVGPC41.mjs:83:40218
    at ET (https://framerusercontent.com/sites/HpXkx7LMLmT5DJ5C7LTgx/framer.DEVGPC41.mjs:928:678)
    at Suspense
    at lu (https://framerusercontent.com/sites/HpXkx7LMLmT5DJ5C7LTgx/framer.DEVGPC41.mjs:49:74165)
    at hu (https://framerusercontent.com/sites/HpXkx7LMLmT5DJ5C7LTgx/framer.DEVGPC41.mjs:49:74829)
    at mu (https://framerusercontent.com/sites/HpXkx7LMLmT5DJ5C7LTgx/framer.DEVGPC41.mjs:49:74691)
    at cf (https://framerusercontent.com/sites/HpXkx7LMLmT5DJ5C7LTgx/motion.gvA5cLOR.mjs:9:71317)
    at eo (https://framerusercontent.com/sites/HpXkx7LMLmT5DJ5C7LTgx/framer.DEVGPC41.mjs:49:27407)
    at div
    at s (https://framerusercontent.com/sites/HpXkx7LMLmT5DJ5C7LTgx/motion.gvA5cLOR.mjs:9:5740)
    at https://framerusercontent.com/sites/HpXkx7LMLmT5DJ5C7LTgx/framer.DEVGPC41.mjs:928:1367
    at https://framerusercontent.com/sites/HpXkx7LMLmT5DJ5C7LTgx/framer.DEVGPC41.mjs:921:26501
    at https://framerusercontent.com/sites/HpXkx7LMLmT5DJ5C7LTgx/framer.DEVGPC41.mjs:921:26314
    at div
    at div
    at s (https://framerusercontent.com/sites/HpXkx7LMLmT5DJ5C7LTgx/motion.gvA5cLOR.mjs:9:5740)
    at div
    at s (https://framerusercontent.com/sites/HpXkx7LMLmT5DJ5C7LTgx/motion.gvA5cLOR.mjs:9:5740)
    at cf (https://framerusercontent.com/sites/HpXkx7LMLmT5DJ5C7LTgx/motion.gvA5cLOR.mjs:9:71317)
    at https://framerusercontent.com/sites/HpXkx7LMLmT5DJ5C7LTgx/EY0WDUDIYSPmDyx-aGC58czUrBZ72vf66bh2j7inCtI.UmqM04oV.mjs:7:113942
    at https://framerusercontent.com/sites/HpXkx7LMLmT5DJ5C7LTgx/framer.DEVGPC41.mjs:83:40218
    at https://framerusercontent.com/sites/HpXkx7LMLmT5DJ5C7LTgx/framer.DEVGPC41.mjs:3:1056
    at div
    at s (https://framerusercontent.com/sites/HpXkx7LMLmT5DJ5C7LTgx/motion.gvA5cLOR.mjs:9:5740)
    at sa (https://framerusercontent.com/sites/HpXkx7LMLmT5DJ5C7LTgx/motion.gvA5cLOR.mjs:9:1422)
    at cf (https://framerusercontent.com/sites/HpXkx7LMLmT5DJ5C7LTgx/motion.gvA5cLOR.mjs:9:71317)
    at https://framerusercontent.com/sites/HpXkx7LMLmT5DJ5C7LTgx/framer.DEVGPC41.mjs:929:5541
    at cf (https://framerusercontent.com/sites/HpXkx7LMLmT5DJ5C7LTgx/motion.gvA5cLOR.mjs:9:71317)
    at https://framerusercontent.com/sites/HpXkx7LMLmT5DJ5C7LTgx/script_main.13xYY0YF.mjs:19:25710
    at https://framerusercontent.com/sites/HpXkx7LMLmT5DJ5C7LTgx/framer.DEVGPC41.mjs:83:40218
    at https://framerusercontent.com/sites/HpXkx7LMLmT5DJ5C7LTgx/framer.DEVGPC41.mjs:928:18413
    at Suspense
    at lu (https://framerusercontent.com/sites/HpXkx7LMLmT5DJ5C7LTgx/framer.DEVGPC41.mjs:49:74165)
    at wd (https://framerusercontent.com/sites/HpXkx7LMLmT5DJ5C7LTgx/framer.DEVGPC41.mjs:52:6437)
    at ss (https://framerusercontent.com/sites/HpXkx7LMLmT5DJ5C7LTgx/script_main.13xYY0YF.mjs:21:297)
    at op (https://framerusercontent.com/sites/HpXkx7LMLmT5DJ5C7LTgx/framer.DEVGPC41.mjs:54:8659)
    at px (https://framerusercontent.com/sites/HpXkx7LMLmT5DJ5C7LTgx/framer.DEVGPC41.mjs:83:6386)
    at Suspense
    at lu (https://framerusercontent.com/sites/HpXkx7LMLmT5DJ5C7LTgx/framer.DEVGPC41.mjs:49:74165)
    at xT (https://framerusercontent.com/sites/HpXkx7LMLmT5DJ5C7LTgx/framer.DEVGPC41.mjs:921:26600)
    at mf (https://framerusercontent.com/sites/HpXkx7LMLmT5DJ5C7LTgx/framer.DEVGPC41.mjs:52:18603)
    at mi (https://framerusercontent.com/sites/HpXkx7LMLmT5DJ5C7LTgx/framer.DEVGPC41.mjs:49:7589)
    at https://framerusercontent.com/sites/HpXkx7LMLmT5DJ5C7LTgx/framer.DEVGPC41.mjs:928:2407
    at https://framerusercontent.com/sites/HpXkx7LMLmT5DJ5C7LTgx/framer.DEVGPC41.mjs:83:40218
    at Vt (https://framerusercontent.com/sites/HpXkx7LMLmT5DJ5C7LTgx/framer.DEVGPC41.mjs:3:3254)
    at ap (https://framerusercontent.com/sites/HpXkx7LMLmT5DJ5C7LTgx/framer.DEVGPC41.mjs:54:3156)
    at Bf (https://framerusercontent.com/sites/HpXkx7LMLmT5DJ5C7LTgx/framer.DEVGPC41.mjs:52:23222)
    at dD (https://framerusercontent.com/sites/HpXkx7LMLmT5DJ5C7LTgx/framer.DEVGPC41.mjs:928:18182)
    at jn (https://framerusercontent.com/sites/HpXkx7LMLmT5DJ5C7LTgx/framer.DEVGPC41.mjs:7:9178)
    at sa (https://framerusercontent.com/sites/HpXkx7LMLmT5DJ5C7LTgx/motion.gvA5cLOR.mjs:9:1422)
    at ri (https://framerusercontent.com/sites/HpXkx7LMLmT5DJ5C7LTgx/framer.DEVGPC41.mjs:49:6885)
    at hp (https://framerusercontent.com/sites/HpXkx7LMLmT5DJ5C7LTgx/framer.DEVGPC41.mjs:54:9821)
    at aE (https://framerusercontent.com/sites/HpXkx7LMLmT5DJ5C7LTgx/framer.DEVGPC41.mjs:928:7598)
    at fr (https://framerusercontent.com/sites/HpXkx7LMLmT5DJ5C7LTgx/framer.DEVGPC41.mjs:7:14884) @ https://framerusercontent.com/sites/HpXkx7LMLmT5DJ5C7LTgx/script_main.13xYY0YF.mjs:20
[    1797ms] [WARNING] Caught a recoverable error. The site is still functional, but might have some UI flickering or degraded page load performance. If you are the author of this website, update external components and check recently added custom code or code overrides to fix the following server/client mismatches:
 Error: Minified React error #418; visit https://reactjs.org/docs/error-decoder.html?invariant=418 for the full message or use the non-minified dev environment for full errors and additional helpful warnings.
    at da (https://framerusercontent.com/sites/HpXkx7LMLmT5DJ5C7LTgx/react.DOKkFWbx.mjs:6:4235)
    at sp (https://framerusercontent.com/sites/HpXkx7LMLmT5DJ5C7LTgx/react.DOKkFWbx.mjs:8:68259)
    at $s (https://framerusercontent.com/sites/HpXkx7LMLmT5DJ5C7LTgx/react.DOKkFWbx.mjs:8:37073)
    at Qs (https://framerusercontent.com/sites/HpXkx7LMLmT5DJ5C7LTgx/react.DOKkFWbx.mjs:8:37046)
    at Ls (https://framerusercontent.com/sites/HpXkx7LMLmT5DJ5C7LTgx/react.DOKkFWbx.mjs:8:32130)
    at wt (https://framerusercontent.com/sites/HpXkx7LMLmT5DJ5C7LTgx/react.DOKkFWbx.mjs:1:10651)
    at MessagePort.Et (https://framerusercontent.com/sites/HpXkx7LMLmT5DJ5C7LTgx/react.DOKkFWbx.mjs:1:11006) 
    at div
    at s (https://framerusercontent.com/sites/HpXkx7LMLmT5DJ5C7LTgx/motion.gvA5cLOR.mjs:9:5740)
    at ce (https://framerusercontent.com/sites/HpXkx7LMLmT5DJ5C7LTgx/Yej_aT5yT.CokVIXcg.mjs:1:5398)
    at div
    at P (https://framerusercontent.com/sites/HpXkx7LMLmT5DJ5C7LTgx/Yej_aT5yT.CokVIXcg.mjs:17:52)
    at div
    at https://framerusercontent.com/sites/HpXkx7LMLmT5DJ5C7LTgx/framer.DEVGPC41.mjs:921:21086
    at https://framerusercontent.com/sites/HpXkx7LMLmT5DJ5C7LTgx/framer.DEVGPC41.mjs:83:40218
    at ET (https://framerusercontent.com/sites/HpXkx7LMLmT5DJ5C7LTgx/framer.DEVGPC41.mjs:928:678)
    at Suspense
    at lu (https://framerusercontent.com/sites/HpXkx7LMLmT5DJ5C7LTgx/framer.DEVGPC41.mjs:49:74165)
    at hu (https://framerusercontent.com/sites/HpXkx7LMLmT5DJ5C7LTgx/framer.DEVGPC41.mjs:49:74829)
    at mu (https://framerusercontent.com/sites/HpXkx7LMLmT5DJ5C7LTgx/framer.DEVGPC41.mjs:49:74691)
    at cf (https://framerusercontent.com/sites/HpXkx7LMLmT5DJ5C7LTgx/motion.gvA5cLOR.mjs:9:71317)
    at eo (https://framerusercontent.com/sites/HpXkx7LMLmT5DJ5C7LTgx/framer.DEVGPC41.mjs:49:27407)
    at div
    at s (https://framerusercontent.com/sites/HpXkx7LMLmT5DJ5C7LTgx/motion.gvA5cLOR.mjs:9:5740)
    at https://framerusercontent.com/sites/HpXkx7LMLmT5DJ5C7LTgx/framer.DEVGPC41.mjs:928:1367
    at https://framerusercontent.com/sites/HpXkx7LMLmT5DJ5C7LTgx/framer.DEVGPC41.mjs:921:26501
    at https://framerusercontent.com/sites/HpXkx7LMLmT5DJ5C7LTgx/framer.DEVGPC41.mjs:921:26314
    at div
    at div
    at s (https://framerusercontent.com/sites/HpXkx7LMLmT5DJ5C7LTgx/motion.gvA5cLOR.mjs:9:5740)
    at div
    at s (https://framerusercontent.com/sites/HpXkx7LMLmT5DJ5C7LTgx/motion.gvA5cLOR.mjs:9:5740)
    at cf (https://framerusercontent.com/sites/HpXkx7LMLmT5DJ5C7LTgx/motion.gvA5cLOR.mjs:9:71317)
    at https://framerusercontent.com/sites/HpXkx7LMLmT5DJ5C7LTgx/EY0WDUDIYSPmDyx-aGC58czUrBZ72vf66bh2j7inCtI.UmqM04oV.mjs:7:113942
    at https://framerusercontent.com/sites/HpXkx7LMLmT5DJ5C7LTgx/framer.DEVGPC41.mjs:83:40218
    at https://framerusercontent.com/sites/HpXkx7LMLmT5DJ5C7LTgx/framer.DEVGPC41.mjs:3:1056
    at div
    at s (https://framerusercontent.com/sites/HpXkx7LMLmT5DJ5C7LTgx/motion.gvA5cLOR.mjs:9:5740)
    at sa (https://framerusercontent.com/sites/HpXkx7LMLmT5DJ5C7LTgx/motion.gvA5cLOR.mjs:9:1422)
    at cf (https://framerusercontent.com/sites/HpXkx7LMLmT5DJ5C7LTgx/motion.gvA5cLOR.mjs:9:71317)
    at https://framerusercontent.com/sites/HpXkx7LMLmT5DJ5C7LTgx/framer.DEVGPC41.mjs:929:5541
    at cf (https://framerusercontent.com/sites/HpXkx7LMLmT5DJ5C7LTgx/motion.gvA5cLOR.mjs:9:71317)
    at https://framerusercontent.com/sites/HpXkx7LMLmT5DJ5C7LTgx/script_main.13xYY0YF.mjs:19:25710
    at https://framerusercontent.com/sites/HpXkx7LMLmT5DJ5C7LTgx/framer.DEVGPC41.mjs:83:40218
    at https://framerusercontent.com/sites/HpXkx7LMLmT5DJ5C7LTgx/framer.DEVGPC41.mjs:928:18413
    at Suspense
    at lu (https://framerusercontent.com/sites/HpXkx7LMLmT5DJ5C7LTgx/framer.DEVGPC41.mjs:49:74165)
    at wd (https://framerusercontent.com/sites/HpXkx7LMLmT5DJ5C7LTgx/framer.DEVGPC41.mjs:52:6437)
    at ss (https://framerusercontent.com/sites/HpXkx7LMLmT5DJ5C7LTgx/script_main.13xYY0YF.mjs:21:297)
    at op (https://framerusercontent.com/sites/HpXkx7LMLmT5DJ5C7LTgx/framer.DEVGPC41.mjs:54:8659)
    at px (https://framerusercontent.com/sites/HpXkx7LMLmT5DJ5C7LTgx/framer.DEVGPC41.mjs:83:6386)
    at Suspense
    at lu (https://framerusercontent.com/sites/HpXkx7LMLmT5DJ5C7LTgx/framer.DEVGPC41.mjs:49:74165)
    at xT (https://framerusercontent.com/sites/HpXkx7LMLmT5DJ5C7LTgx/framer.DEVGPC41.mjs:921:26600)
    at mf (https://framerusercontent.com/sites/HpXkx7LMLmT5DJ5C7LTgx/framer.DEVGPC41.mjs:52:18603)
    at mi (https://framerusercontent.com/sites/HpXkx7LMLmT5DJ5C7LTgx/framer.DEVGPC41.mjs:49:7589)
    at https://framerusercontent.com/sites/HpXkx7LMLmT5DJ5C7LTgx/framer.DEVGPC41.mjs:928:2407
    at https://framerusercontent.com/sites/HpXkx7LMLmT5DJ5C7LTgx/framer.DEVGPC41.mjs:83:40218
    at Vt (https://framerusercontent.com/sites/HpXkx7LMLmT5DJ5C7LTgx/framer.DEVGPC41.mjs:3:3254)
    at ap (https://framerusercontent.com/sites/HpXkx7LMLmT5DJ5C7LTgx/framer.DEVGPC41.mjs:54:3156)
    at Bf (https://framerusercontent.com/sites/HpXkx7LMLmT5DJ5C7LTgx/framer.DEVGPC41.mjs:52:23222)
    at dD (https://framerusercontent.com/sites/HpXkx7LMLmT5DJ5C7LTgx/framer.DEVGPC41.mjs:928:18182)
    at jn (https://framerusercontent.com/sites/HpXkx7LMLmT5DJ5C7LTgx/framer.DEVGPC41.mjs:7:9178)
    at sa (https://framerusercontent.com/sites/HpXkx7LMLmT5DJ5C7LTgx/motion.gvA5cLOR.mjs:9:1422)
    at ri (https://framerusercontent.com/sites/HpXkx7LMLmT5DJ5C7LTgx/framer.DEVGPC41.mjs:49:6885)
    at hp (https://framerusercontent.com/sites/HpXkx7LMLmT5DJ5C7LTgx/framer.DEVGPC41.mjs:54:9821)
    at aE (https://framerusercontent.com/sites/HpXkx7LMLmT5DJ5C7LTgx/framer.DEVGPC41.mjs:928:7598)
    at fr (https://framerusercontent.com/sites/HpXkx7LMLmT5DJ5C7LTgx/framer.DEVGPC41.mjs:7:14884) @ https://framerusercontent.com/sites/HpXkx7LMLmT5DJ5C7LTgx/script_main.13xYY0YF.mjs:20
[    1797ms] [WARNING] Caught a recoverable error. The site is still functional, but might have some UI flickering or degraded page load performance. If you are the author of this website, update external components and check recently added custom code or code overrides to fix the following server/client mismatches:
 Error: Minified React error #418; visit https://reactjs.org/docs/error-decoder.html?invariant=418 for the full message or use the non-minified dev environment for full errors and additional helpful warnings.
    at da (https://framerusercontent.com/sites/HpXkx7LMLmT5DJ5C7LTgx/react.DOKkFWbx.mjs:6:4235)
    at sp (https://framerusercontent.com/sites/HpXkx7LMLmT5DJ5C7LTgx/react.DOKkFWbx.mjs:8:68259)
    at $s (https://framerusercontent.com/sites/HpXkx7LMLmT5DJ5C7LTgx/react.DOKkFWbx.mjs:8:37073)
    at Qs (https://framerusercontent.com/sites/HpXkx7LMLmT5DJ5C7LTgx/react.DOKkFWbx.mjs:8:37046)
    at Ls (https://framerusercontent.com/sites/HpXkx7LMLmT5DJ5C7LTgx/react.DOKkFWbx.mjs:8:32130)
    at wt (https://framerusercontent.com/sites/HpXkx7LMLmT5DJ5C7LTgx/react.DOKkFWbx.mjs:1:10651)
    at MessagePort.Et (https://framerusercontent.com/sites/HpXkx7LMLmT5DJ5C7LTgx/react.DOKkFWbx.mjs:1:11006) 
    at div
    at s (https://framerusercontent.com/sites/HpXkx7LMLmT5DJ5C7LTgx/motion.gvA5cLOR.mjs:9:5740)
    at ce (https://framerusercontent.com/sites/HpXkx7LMLmT5DJ5C7LTgx/Yej_aT5yT.CokVIXcg.mjs:1:5398)
    at div
    at P (https://framerusercontent.com/sites/HpXkx7LMLmT5DJ5C7LTgx/Yej_aT5yT.CokVIXcg.mjs:17:52)
    at div
    at https://framerusercontent.com/sites/HpXkx7LMLmT5DJ5C7LTgx/framer.DEVGPC41.mjs:921:21086
    at https://framerusercontent.com/sites/HpXkx7LMLmT5DJ5C7LTgx/framer.DEVGPC41.mjs:83:40218
    at ET (https://framerusercontent.com/sites/HpXkx7LMLmT5DJ5C7LTgx/framer.DEVGPC41.mjs:928:678)
    at Suspense
    at lu (https://framerusercontent.com/sites/HpXkx7LMLmT5DJ5C7LTgx/framer.DEVGPC41.mjs:49:74165)
    at hu (https://framerusercontent.com/sites/HpXkx7LMLmT5DJ5C7LTgx/framer.DEVGPC41.mjs:49:74829)
    at mu (https://framerusercontent.com/sites/HpXkx7LMLmT5DJ5C7LTgx/framer.DEVGPC41.mjs:49:74691)
    at cf (https://framerusercontent.com/sites/HpXkx7LMLmT5DJ5C7LTgx/motion.gvA5cLOR.mjs:9:71317)
    at eo (https://framerusercontent.com/sites/HpXkx7LMLmT5DJ5C7LTgx/framer.DEVGPC41.mjs:49:27407)
    at div
    at s (https://framerusercontent.com/sites/HpXkx7LMLmT5DJ5C7LTgx/motion.gvA5cLOR.mjs:9:5740)
    at https://framerusercontent.com/sites/HpXkx7LMLmT5DJ5C7LTgx/framer.DEVGPC41.mjs:928:1367
    at https://framerusercontent.com/sites/HpXkx7LMLmT5DJ5C7LTgx/framer.DEVGPC41.mjs:921:26501
    at https://framerusercontent.com/sites/HpXkx7LMLmT5DJ5C7LTgx/framer.DEVGPC41.mjs:921:26314
    at div
    at div
    at s (https://framerusercontent.com/sites/HpXkx7LMLmT5DJ5C7LTgx/motion.gvA5cLOR.mjs:9:5740)
    at div
    at s (https://framerusercontent.com/sites/HpXkx7LMLmT5DJ5C7LTgx/motion.gvA5cLOR.mjs:9:5740)
    at cf (https://framerusercontent.com/sites/HpXkx7LMLmT5DJ5C7LTgx/motion.gvA5cLOR.mjs:9:71317)
    at https://framerusercontent.com/sites/HpXkx7LMLmT5DJ5C7LTgx/EY0WDUDIYSPmDyx-aGC58czUrBZ72vf66bh2j7inCtI.UmqM04oV.mjs:7:113942
    at https://framerusercontent.com/sites/HpXkx7LMLmT5DJ5C7LTgx/framer.DEVGPC41.mjs:83:40218
    at https://framerusercontent.com/sites/HpXkx7LMLmT5DJ5C7LTgx/framer.DEVGPC41.mjs:3:1056
    at div
    at s (https://framerusercontent.com/sites/HpXkx7LMLmT5DJ5C7LTgx/motion.gvA5cLOR.mjs:9:5740)
    at sa (https://framerusercontent.com/sites/HpXkx7LMLmT5DJ5C7LTgx/motion.gvA5cLOR.mjs:9:1422)
    at cf (https://framerusercontent.com/sites/HpXkx7LMLmT5DJ5C7LTgx/motion.gvA5cLOR.mjs:9:71317)
    at https://framerusercontent.com/sites/HpXkx7LMLmT5DJ5C7LTgx/framer.DEVGPC41.mjs:929:5541
    at cf (https://framerusercontent.com/sites/HpXkx7LMLmT5DJ5C7LTgx/motion.gvA5cLOR.mjs:9:71317)
    at https://framerusercontent.com/sites/HpXkx7LMLmT5DJ5C7LTgx/script_main.13xYY0YF.mjs:19:25710
    at https://framerusercontent.com/sites/HpXkx7LMLmT5DJ5C7LTgx/framer.DEVGPC41.mjs:83:40218
    at https://framerusercontent.com/sites/HpXkx7LMLmT5DJ5C7LTgx/framer.DEVGPC41.mjs:928:18413
    at Suspense
    at lu (https://framerusercontent.com/sites/HpXkx7LMLmT5DJ5C7LTgx/framer.DEVGPC41.mjs:49:74165)
    at wd (https://framerusercontent.com/sites/HpXkx7LMLmT5DJ5C7LTgx/framer.DEVGPC41.mjs:52:6437)
    at ss (https://framerusercontent.com/sites/HpXkx7LMLmT5DJ5C7LTgx/script_main.13xYY0YF.mjs:21:297)
    at op (https://framerusercontent.com/sites/HpXkx7LMLmT5DJ5C7LTgx/framer.DEVGPC41.mjs:54:8659)
    at px (https://framerusercontent.com/sites/HpXkx7LMLmT5DJ5C7LTgx/framer.DEVGPC41.mjs:83:6386)
    at Suspense
    at lu (https://framerusercontent.com/sites/HpXkx7LMLmT5DJ5C7LTgx/framer.DEVGPC41.mjs:49:74165)
    at xT (https://framerusercontent.com/sites/HpXkx7LMLmT5DJ5C7LTgx/framer.DEVGPC41.mjs:921:26600)
    at mf (https://framerusercontent.com/sites/HpXkx7LMLmT5DJ5C7LTgx/framer.DEVGPC41.mjs:52:18603)
    at mi (https://framerusercontent.com/sites/HpXkx7LMLmT5DJ5C7LTgx/framer.DEVGPC41.mjs:49:7589)
    at https://framerusercontent.com/sites/HpXkx7LMLmT5DJ5C7LTgx/framer.DEVGPC41.mjs:928:2407
    at https://framerusercontent.com/sites/HpXkx7LMLmT5DJ5C7LTgx/framer.DEVGPC41.mjs:83:40218
    at Vt (https://framerusercontent.com/sites/HpXkx7LMLmT5DJ5C7LTgx/framer.DEVGPC41.mjs:3:3254)
    at ap (https://framerusercontent.com/sites/HpXkx7LMLmT5DJ5C7LTgx/framer.DEVGPC41.mjs:54:3156)
    at Bf (https://framerusercontent.com/sites/HpXkx7LMLmT5DJ5C7LTgx/framer.DEVGPC41.mjs:52:23222)
    at dD (https://framerusercontent.com/sites/HpXkx7LMLmT5DJ5C7LTgx/framer.DEVGPC41.mjs:928:18182)
    at jn (https://framerusercontent.com/sites/HpXkx7LMLmT5DJ5C7LTgx/framer.DEVGPC41.mjs:7:9178)
    at sa (https://framerusercontent.com/sites/HpXkx7LMLmT5DJ5C7LTgx/motion.gvA5cLOR.mjs:9:1422)
    at ri (https://framerusercontent.com/sites/HpXkx7LMLmT5DJ5C7LTgx/framer.DEVGPC41.mjs:49:6885)
    at hp (https://framerusercontent.com/sites/HpXkx7LMLmT5DJ5C7LTgx/framer.DEVGPC41.mjs:54:9821)
    at aE (https://framerusercontent.com/sites/HpXkx7LMLmT5DJ5C7LTgx/framer.DEVGPC41.mjs:928:7598)
    at fr (https://framerusercontent.com/sites/HpXkx7LMLmT5DJ5C7LTgx/framer.DEVGPC41.mjs:7:14884) @ https://framerusercontent.com/sites/HpXkx7LMLmT5DJ5C7LTgx/script_main.13xYY0YF.mjs:20
[    1797ms] [WARNING] Caught a recoverable error. The site is still functional, but might have some UI flickering or degraded page load performance. If you are the author of this website, update external components and check recently added custom code or code overrides to fix the following server/client mismatches:
 Error: Minified React error #418; visit https://reactjs.org/docs/error-decoder.html?invariant=418 for the full message or use the non-minified dev environment for full errors and additional helpful warnings.
    at da (https://framerusercontent.com/sites/HpXkx7LMLmT5DJ5C7LTgx/react.DOKkFWbx.mjs:6:4235)
    at sp (https://framerusercontent.com/sites/HpXkx7LMLmT5DJ5C7LTgx/react.DOKkFWbx.mjs:8:68259)
    at $s (https://framerusercontent.com/sites/HpXkx7LMLmT5DJ5C7LTgx/react.DOKkFWbx.mjs:8:37073)
    at Qs (https://framerusercontent.com/sites/HpXkx7LMLmT5DJ5C7LTgx/react.DOKkFWbx.mjs:8:37046)
    at Ls (https://framerusercontent.com/sites/HpXkx7LMLmT5DJ5C7LTgx/react.DOKkFWbx.mjs:8:32130)
    at wt (https://framerusercontent.com/sites/HpXkx7LMLmT5DJ5C7LTgx/react.DOKkFWbx.mjs:1:10651)
    at MessagePort.Et (https://framerusercontent.com/sites/HpXkx7LMLmT5DJ5C7LTgx/react.DOKkFWbx.mjs:1:11006) 
    at div
    at s (https://framerusercontent.com/sites/HpXkx7LMLmT5DJ5C7LTgx/motion.gvA5cLOR.mjs:9:5740)
    at ce (https://framerusercontent.com/sites/HpXkx7LMLmT5DJ5C7LTgx/Yej_aT5yT.CokVIXcg.mjs:1:5398)
    at div
    at P (https://framerusercontent.com/sites/HpXkx7LMLmT5DJ5C7LTgx/Yej_aT5yT.CokVIXcg.mjs:17:52)
    at div
    at https://framerusercontent.com/sites/HpXkx7LMLmT5DJ5C7LTgx/framer.DEVGPC41.mjs:921:21086
    at https://framerusercontent.com/sites/HpXkx7LMLmT5DJ5C7LTgx/framer.DEVGPC41.mjs:83:40218
    at ET (https://framerusercontent.com/sites/HpXkx7LMLmT5DJ5C7LTgx/framer.DEVGPC41.mjs:928:678)
    at Suspense
    at lu (https://framerusercontent.com/sites/HpXkx7LMLmT5DJ5C7LTgx/framer.DEVGPC41.mjs:49:74165)
    at hu (https://framerusercontent.com/sites/HpXkx7LMLmT5DJ5C7LTgx/framer.DEVGPC41.mjs:49:74829)
    at mu (https://framerusercontent.com/sites/HpXkx7LMLmT5DJ5C7LTgx/framer.DEVGPC41.mjs:49:74691)
    at cf (https://framerusercontent.com/sites/HpXkx7LMLmT5DJ5C7LTgx/motion.gvA5cLOR.mjs:9:71317)
    at eo (https://framerusercontent.com/sites/HpXkx7LMLmT5DJ5C7LTgx/framer.DEVGPC41.mjs:49:27407)
    at div
    at s (https://framerusercontent.com/sites/HpXkx7LMLmT5DJ5C7LTgx/motion.gvA5cLOR.mjs:9:5740)
    at https://framerusercontent.com/sites/HpXkx7LMLmT5DJ5C7LTgx/framer.DEVGPC41.mjs:928:1367
    at https://framerusercontent.com/sites/HpXkx7LMLmT5DJ5C7LTgx/framer.DEVGPC41.mjs:921:26501
    at https://framerusercontent.com/sites/HpXkx7LMLmT5DJ5C7LTgx/framer.DEVGPC41.mjs:921:26314
    at div
    at div
    at s (https://framerusercontent.com/sites/HpXkx7LMLmT5DJ5C7LTgx/motion.gvA5cLOR.mjs:9:5740)
    at div
    at s (https://framerusercontent.com/sites/HpXkx7LMLmT5DJ5C7LTgx/motion.gvA5cLOR.mjs:9:5740)
    at cf (https://framerusercontent.com/sites/HpXkx7LMLmT5DJ5C7LTgx/motion.gvA5cLOR.mjs:9:71317)
    at https://framerusercontent.com/sites/HpXkx7LMLmT5DJ5C7LTgx/EY0WDUDIYSPmDyx-aGC58czUrBZ72vf66bh2j7inCtI.UmqM04oV.mjs:7:113942
    at https://framerusercontent.com/sites/HpXkx7LMLmT5DJ5C7LTgx/framer.DEVGPC41.mjs:83:40218
    at https://framerusercontent.com/sites/HpXkx7LMLmT5DJ5C7LTgx/framer.DEVGPC41.mjs:3:1056
    at div
    at s (https://framerusercontent.com/sites/HpXkx7LMLmT5DJ5C7LTgx/motion.gvA5cLOR.mjs:9:5740)
    at sa (https://framerusercontent.com/sites/HpXkx7LMLmT5DJ5C7LTgx/motion.gvA5cLOR.mjs:9:1422)
    at cf (https://framerusercontent.com/sites/HpXkx7LMLmT5DJ5C7LTgx/motion.gvA5cLOR.mjs:9:71317)
    at https://framerusercontent.com/sites/HpXkx7LMLmT5DJ5C7LTgx/framer.DEVGPC41.mjs:929:5541
    at cf (https://framerusercontent.com/sites/HpXkx7LMLmT5DJ5C7LTgx/motion.gvA5cLOR.mjs:9:71317)
    at https://framerusercontent.com/sites/HpXkx7LMLmT5DJ5C7LTgx/script_main.13xYY0YF.mjs:19:25710
    at https://framerusercontent.com/sites/HpXkx7LMLmT5DJ5C7LTgx/framer.DEVGPC41.mjs:83:40218
    at https://framerusercontent.com/sites/HpXkx7LMLmT5DJ5C7LTgx/framer.DEVGPC41.mjs:928:18413
    at Suspense
    at lu (https://framerusercontent.com/sites/HpXkx7LMLmT5DJ5C7LTgx/framer.DEVGPC41.mjs:49:74165)
    at wd (https://framerusercontent.com/sites/HpXkx7LMLmT5DJ5C7LTgx/framer.DEVGPC41.mjs:52:6437)
    at ss (https://framerusercontent.com/sites/HpXkx7LMLmT5DJ5C7LTgx/script_main.13xYY0YF.mjs:21:297)
    at op (https://framerusercontent.com/sites/HpXkx7LMLmT5DJ5C7LTgx/framer.DEVGPC41.mjs:54:8659)
    at px (https://framerusercontent.com/sites/HpXkx7LMLmT5DJ5C7LTgx/framer.DEVGPC41.mjs:83:6386)
    at Suspense
    at lu (https://framerusercontent.com/sites/HpXkx7LMLmT5DJ5C7LTgx/framer.DEVGPC41.mjs:49:74165)
    at xT (https://framerusercontent.com/sites/HpXkx7LMLmT5DJ5C7LTgx/framer.DEVGPC41.mjs:921:26600)
    at mf (https://framerusercontent.com/sites/HpXkx7LMLmT5DJ5C7LTgx/framer.DEVGPC41.mjs:52:18603)
    at mi (https://framerusercontent.com/sites/HpXkx7LMLmT5DJ5C7LTgx/framer.DEVGPC41.mjs:49:7589)
    at https://framerusercontent.com/sites/HpXkx7LMLmT5DJ5C7LTgx/framer.DEVGPC41.mjs:928:2407
    at https://framerusercontent.com/sites/HpXkx7LMLmT5DJ5C7LTgx/framer.DEVGPC41.mjs:83:40218
    at Vt (https://framerusercontent.com/sites/HpXkx7LMLmT5DJ5C7LTgx/framer.DEVGPC41.mjs:3:3254)
    at ap (https://framerusercontent.com/sites/HpXkx7LMLmT5DJ5C7LTgx/framer.DEVGPC41.mjs:54:3156)
    at Bf (https://framerusercontent.com/sites/HpXkx7LMLmT5DJ5C7LTgx/framer.DEVGPC41.mjs:52:23222)
    at dD (https://framerusercontent.com/sites/HpXkx7LMLmT5DJ5C7LTgx/framer.DEVGPC41.mjs:928:18182)
    at jn (https://framerusercontent.com/sites/HpXkx7LMLmT5DJ5C7LTgx/framer.DEVGPC41.mjs:7:9178)
    at sa (https://framerusercontent.com/sites/HpXkx7LMLmT5DJ5C7LTgx/motion.gvA5cLOR.mjs:9:1422)
    at ri (https://framerusercontent.com/sites/HpXkx7LMLmT5DJ5C7LTgx/framer.DEVGPC41.mjs:49:6885)
    at hp (https://framerusercontent.com/sites/HpXkx7LMLmT5DJ5C7LTgx/framer.DEVGPC41.mjs:54:9821)
    at aE (https://framerusercontent.com/sites/HpXkx7LMLmT5DJ5C7LTgx/framer.DEVGPC41.mjs:928:7598)
    at fr (https://framerusercontent.com/sites/HpXkx7LMLmT5DJ5C7LTgx/framer.DEVGPC41.mjs:7:14884) @ https://framerusercontent.com/sites/HpXkx7LMLmT5DJ5C7LTgx/script_main.13xYY0YF.mjs:20
[    1797ms] [WARNING] Caught a recoverable error. The site is still functional, but might have some UI flickering or degraded page load performance. If you are the author of this website, update external components and check recently added custom code or code overrides to fix the following server/client mismatches:
 Error: Minified React error #418; visit https://reactjs.org/docs/error-decoder.html?invariant=418 for the full message or use the non-minified dev environment for full errors and additional helpful warnings.
    at da (https://framerusercontent.com/sites/HpXkx7LMLmT5DJ5C7LTgx/react.DOKkFWbx.mjs:6:4235)
    at sp (https://framerusercontent.com/sites/HpXkx7LMLmT5DJ5C7LTgx/react.DOKkFWbx.mjs:8:68259)
    at $s (https://framerusercontent.com/sites/HpXkx7LMLmT5DJ5C7LTgx/react.DOKkFWbx.mjs:8:37073)
    at Qs (https://framerusercontent.com/sites/HpXkx7LMLmT5DJ5C7LTgx/react.DOKkFWbx.mjs:8:37046)
    at Ls (https://framerusercontent.com/sites/HpXkx7LMLmT5DJ5C7LTgx/react.DOKkFWbx.mjs:8:32130)
    at wt (https://framerusercontent.com/sites/HpXkx7LMLmT5DJ5C7LTgx/react.DOKkFWbx.mjs:1:10651)
    at MessagePort.Et (https://framerusercontent.com/sites/HpXkx7LMLmT5DJ5C7LTgx/react.DOKkFWbx.mjs:1:11006) 
    at div
    at s (https://framerusercontent.com/sites/HpXkx7LMLmT5DJ5C7LTgx/motion.gvA5cLOR.mjs:9:5740)
    at ce (https://framerusercontent.com/sites/HpXkx7LMLmT5DJ5C7LTgx/Yej_aT5yT.CokVIXcg.mjs:1:5398)
    at div
    at P (https://framerusercontent.com/sites/HpXkx7LMLmT5DJ5C7LTgx/Yej_aT5yT.CokVIXcg.mjs:17:52)
    at div
    at https://framerusercontent.com/sites/HpXkx7LMLmT5DJ5C7LTgx/framer.DEVGPC41.mjs:921:21086
    at https://framerusercontent.com/sites/HpXkx7LMLmT5DJ5C7LTgx/framer.DEVGPC41.mjs:83:40218
    at ET (https://framerusercontent.com/sites/HpXkx7LMLmT5DJ5C7LTgx/framer.DEVGPC41.mjs:928:678)
    at Suspense
    at lu (https://framerusercontent.com/sites/HpXkx7LMLmT5DJ5C7LTgx/framer.DEVGPC41.mjs:49:74165)
    at hu (https://framerusercontent.com/sites/HpXkx7LMLmT5DJ5C7LTgx/framer.DEVGPC41.mjs:49:74829)
    at mu (https://framerusercontent.com/sites/HpXkx7LMLmT5DJ5C7LTgx/framer.DEVGPC41.mjs:49:74691)
    at cf (https://framerusercontent.com/sites/HpXkx7LMLmT5DJ5C7LTgx/motion.gvA5cLOR.mjs:9:71317)
    at eo (https://framerusercontent.com/sites/HpXkx7LMLmT5DJ5C7LTgx/framer.DEVGPC41.mjs:49:27407)
    at div
    at s (https://framerusercontent.com/sites/HpXkx7LMLmT5DJ5C7LTgx/motion.gvA5cLOR.mjs:9:5740)
    at https://framerusercontent.com/sites/HpXkx7LMLmT5DJ5C7LTgx/framer.DEVGPC41.mjs:928:1367
    at https://framerusercontent.com/sites/HpXkx7LMLmT5DJ5C7LTgx/framer.DEVGPC41.mjs:921:26501
    at https://framerusercontent.com/sites/HpXkx7LMLmT5DJ5C7LTgx/framer.DEVGPC41.mjs:921:26314
    at div
    at div
    at s (https://framerusercontent.com/sites/HpXkx7LMLmT5DJ5C7LTgx/motion.gvA5cLOR.mjs:9:5740)
    at div
    at s (https://framerusercontent.com/sites/HpXkx7LMLmT5DJ5C7LTgx/motion.gvA5cLOR.mjs:9:5740)
    at cf (https://framerusercontent.com/sites/HpXkx7LMLmT5DJ5C7LTgx/motion.gvA5cLOR.mjs:9:71317)
    at https://framerusercontent.com/sites/HpXkx7LMLmT5DJ5C7LTgx/EY0WDUDIYSPmDyx-aGC58czUrBZ72vf66bh2j7inCtI.UmqM04oV.mjs:7:113942
    at https://framerusercontent.com/sites/HpXkx7LMLmT5DJ5C7LTgx/framer.DEVGPC41.mjs:83:40218
    at https://framerusercontent.com/sites/HpXkx7LMLmT5DJ5C7LTgx/framer.DEVGPC41.mjs:3:1056
    at div
    at s (https://framerusercontent.com/sites/HpXkx7LMLmT5DJ5C7LTgx/motion.gvA5cLOR.mjs:9:5740)
    at sa (https://framerusercontent.com/sites/HpXkx7LMLmT5DJ5C7LTgx/motion.gvA5cLOR.mjs:9:1422)
    at cf (https://framerusercontent.com/sites/HpXkx7LMLmT5DJ5C7LTgx/motion.gvA5cLOR.mjs:9:71317)
    at https://framerusercontent.com/sites/HpXkx7LMLmT5DJ5C7LTgx/framer.DEVGPC41.mjs:929:5541
    at cf (https://framerusercontent.com/sites/HpXkx7LMLmT5DJ5C7LTgx/motion.gvA5cLOR.mjs:9:71317)
    at https://framerusercontent.com/sites/HpXkx7LMLmT5DJ5C7LTgx/script_main.13xYY0YF.mjs:19:25710
    at https://framerusercontent.com/sites/HpXkx7LMLmT5DJ5C7LTgx/framer.DEVGPC41.mjs:83:40218
    at https://framerusercontent.com/sites/HpXkx7LMLmT5DJ5C7LTgx/framer.DEVGPC41.mjs:928:18413
    at Suspense
    at lu (https://framerusercontent.com/sites/HpXkx7LMLmT5DJ5C7LTgx/framer.DEVGPC41.mjs:49:74165)
    at wd (https://framerusercontent.com/sites/HpXkx7LMLmT5DJ5C7LTgx/framer.DEVGPC41.mjs:52:6437)
    at ss (https://framerusercontent.com/sites/HpXkx7LMLmT5DJ5C7LTgx/script_main.13xYY0YF.mjs:21:297)
    at op (https://framerusercontent.com/sites/HpXkx7LMLmT5DJ5C7LTgx/framer.DEVGPC41.mjs:54:8659)
    at px (https://framerusercontent.com/sites/HpXkx7LMLmT5DJ5C7LTgx/framer.DEVGPC41.mjs:83:6386)
    at Suspense
    at lu (https://framerusercontent.com/sites/HpXkx7LMLmT5DJ5C7LTgx/framer.DEVGPC41.mjs:49:74165)
    at xT (https://framerusercontent.com/sites/HpXkx7LMLmT5DJ5C7LTgx/framer.DEVGPC41.mjs:921:26600)
    at mf (https://framerusercontent.com/sites/HpXkx7LMLmT5DJ5C7LTgx/framer.DEVGPC41.mjs:52:18603)
    at mi (https://framerusercontent.com/sites/HpXkx7LMLmT5DJ5C7LTgx/framer.DEVGPC41.mjs:49:7589)
    at https://framerusercontent.com/sites/HpXkx7LMLmT5DJ5C7LTgx/framer.DEVGPC41.mjs:928:2407
    at https://framerusercontent.com/sites/HpXkx7LMLmT5DJ5C7LTgx/framer.DEVGPC41.mjs:83:40218
    at Vt (https://framerusercontent.com/sites/HpXkx7LMLmT5DJ5C7LTgx/framer.DEVGPC41.mjs:3:3254)
    at ap (https://framerusercontent.com/sites/HpXkx7LMLmT5DJ5C7LTgx/framer.DEVGPC41.mjs:54:3156)
    at Bf (https://framerusercontent.com/sites/HpXkx7LMLmT5DJ5C7LTgx/framer.DEVGPC41.mjs:52:23222)
    at dD (https://framerusercontent.com/sites/HpXkx7LMLmT5DJ5C7LTgx/framer.DEVGPC41.mjs:928:18182)
    at jn (https://framerusercontent.com/sites/HpXkx7LMLmT5DJ5C7LTgx/framer.DEVGPC41.mjs:7:9178)
    at sa (https://framerusercontent.com/sites/HpXkx7LMLmT5DJ5C7LTgx/motion.gvA5cLOR.mjs:9:1422)
    at ri (https://framerusercontent.com/sites/HpXkx7LMLmT5DJ5C7LTgx/framer.DEVGPC41.mjs:49:6885)
    at hp (https://framerusercontent.com/sites/HpXkx7LMLmT5DJ5C7LTgx/framer.DEVGPC41.mjs:54:9821)
    at aE (https://framerusercontent.com/sites/HpXkx7LMLmT5DJ5C7LTgx/framer.DEVGPC41.mjs:928:7598)
    at fr (https://framerusercontent.com/sites/HpXkx7LMLmT5DJ5C7LTgx/framer.DEVGPC41.mjs:7:14884) @ https://framerusercontent.com/sites/HpXkx7LMLmT5DJ5C7LTgx/script_main.13xYY0YF.mjs:20
[    1798ms] [WARNING] Caught a recoverable error. The site is still functional, but might have some UI flickering or degraded page load performance. If you are the author of this website, update external components and check recently added custom code or code overrides to fix the following server/client mismatches:
 Error: Minified React error #422; visit https://reactjs.org/docs/error-decoder.html?invariant=422 for the full message or use the non-minified dev environment for full errors and additional helpful warnings.
    at ns (https://framerusercontent.com/sites/HpXkx7LMLmT5DJ5C7LTgx/react.DOKkFWbx.mjs:8:8255)
    at $o (https://framerusercontent.com/sites/HpXkx7LMLmT5DJ5C7LTgx/react.DOKkFWbx.mjs:8:7196)
    at sp (https://framerusercontent.com/sites/HpXkx7LMLmT5DJ5C7LTgx/react.DOKkFWbx.mjs:8:68461)
    at $s (https://framerusercontent.com/sites/HpXkx7LMLmT5DJ5C7LTgx/react.DOKkFWbx.mjs:8:37073)
    at Qs (https://framerusercontent.com/sites/HpXkx7LMLmT5DJ5C7LTgx/react.DOKkFWbx.mjs:8:37046)
    at Ls (https://framerusercontent.com/sites/HpXkx7LMLmT5DJ5C7LTgx/react.DOKkFWbx.mjs:8:32130)
    at wt (https://framerusercontent.com/sites/HpXkx7LMLmT5DJ5C7LTgx/react.DOKkFWbx.mjs:1:10651)
    at MessagePort.Et (https://framerusercontent.com/sites/HpXkx7LMLmT5DJ5C7LTgx/react.DOKkFWbx.mjs:1:11006) null @ https://framerusercontent.com/sites/HpXkx7LMLmT5DJ5C7LTgx/script_main.13xYY0YF.mjs:20
[    5787ms] [LOG] [Framer On-Page Editing] Unavailable because not on a `framer.app` subdomain and access status is no-auth @ https://app.framerstatic.com/editorbar.PJ4S6SGW.mjs:0
[    7348ms] [ERROR] [GSI_LOGGER]: FedCM get() rejects with NetworkError: Error retrieving a token. @ https://accounts.google.com/gsi/client:87
