[     605ms] [INFO] %cDownload the React DevTools for a better development experience: https://react.dev/link/react-devtools font-weight:bold @ https://m1-asahi.taila125ad.ts.net/node_modules/.vite/deps/react-dom_client.js?v=bdb07197:14337
[     650ms] [ERROR] Failed to load resource: the server responded with a status of 404 () @ https://m1-asahi.taila125ad.ts.net/favicon.ico:0
[  357481ms] [INFO] %cDownload the React DevTools for a better development experience: https://react.dev/link/react-devtools font-weight:bold @ https://m1-asahi.taila125ad.ts.net/node_modules/.vite/deps/react-dom_client.js?v=bdb07197:14337
[31472488ms] [WARNING] The resource https://m1-asahi.taila125ad.ts.net/fonts/geist.woff2 was preloaded using link preload but not used within a few seconds from the window's load event. Please make sure it has an appropriate `as` value and it is preloaded intentionally. @ https://m1-asahi.taila125ad.ts.net/#top:0
[31556992ms] [WARNING] <link rel=preload> must have a valid `as` value @ https://m1-asahi.taila125ad.ts.net/node_modules/.vite/deps/react-dom_client.js?v=bdb07197:1232
[31556993ms] [WARNING] <link rel=preload> must have a valid `as` value @ https://m1-asahi.taila125ad.ts.net/node_modules/.vite/deps/react-dom_client.js?v=bdb07197:9566
[31556996ms] [WARNING] <link rel=preload> has an unsupported `type` value @ https://m1-asahi.taila125ad.ts.net/node_modules/.vite/deps/react-dom_client.js?v=bdb07197:1232
[31560056ms] [WARNING] The resource https://m1-asahi.taila125ad.ts.net/fonts/geist.woff2 was preloaded using link preload but not used within a few seconds from the window's load event. Please make sure it has an appropriate `as` value and it is preloaded intentionally. @ https://m1-asahi.taila125ad.ts.net/#top:0
[34753837ms] [WARNING] A preload for 'https://m1-asahi.taila125ad.ts.net/fonts/geist.woff2' is found, but is not used because the request credentials mode does not match. Consider taking a look at crossorigin attribute. @ https://m1-asahi.taila125ad.ts.net/#top:0
[34757738ms] [WARNING] The resource https://m1-asahi.taila125ad.ts.net/fonts/geist.woff2 was preloaded using link preload but not used within a few seconds from the window's load event. Please make sure it has an appropriate `as` value and it is preloaded intentionally. @ https://m1-asahi.taila125ad.ts.net/#top:0
[34778376ms] [WARNING] The resource https://m1-asahi.taila125ad.ts.net/fonts/geist.woff2 was preloaded using link preload but not used within a few seconds from the window's load event. Please make sure it has an appropriate `as` value and it is preloaded intentionally. @ https://m1-asahi.taila125ad.ts.net/#top:0
[34839380ms] [WARNING] The resource https://m1-asahi.taila125ad.ts.net/fonts/geist.woff2 was preloaded using link preload but not used within a few seconds from the window's load event. Please make sure it has an appropriate `as` value and it is preloaded intentionally. @ https://m1-asahi.taila125ad.ts.net/#top:0
[34897411ms] [WARNING] The resource https://m1-asahi.taila125ad.ts.net/fonts/geist.woff2 was preloaded using link preload but not used within a few seconds from the window's load event. Please make sure it has an appropriate `as` value and it is preloaded intentionally. @ https://m1-asahi.taila125ad.ts.net/#top:0
[35338361ms] [WARNING] The resource https://m1-asahi.taila125ad.ts.net/fonts/geist.woff2 was preloaded using link preload but not used within a few seconds from the window's load event. Please make sure it has an appropriate `as` value and it is preloaded intentionally. @ https://m1-asahi.taila125ad.ts.net/#top:0
[35712011ms] [WARNING] The resource https://m1-asahi.taila125ad.ts.net/fonts/geist.woff2 was preloaded using link preload but not used within a few seconds from the window's load event. Please make sure it has an appropriate `as` value and it is preloaded intentionally. @ https://m1-asahi.taila125ad.ts.net/#top:0
[35950957ms] [WARNING] The resource https://m1-asahi.taila125ad.ts.net/fonts/geist.woff2 was preloaded using link preload but not used within a few seconds from the window's load event. Please make sure it has an appropriate `as` value and it is preloaded intentionally. @ https://m1-asahi.taila125ad.ts.net/#top:0
[35986945ms] [WARNING] The resource https://m1-asahi.taila125ad.ts.net/fonts/geist.woff2 was preloaded using link preload but not used within a few seconds from the window's load event. Please make sure it has an appropriate `as` value and it is preloaded intentionally. @ https://m1-asahi.taila125ad.ts.net/#top:0
[36166215ms] [WARNING] The resource https://m1-asahi.taila125ad.ts.net/fonts/geist.woff2 was preloaded using link preload but not used within a few seconds from the window's load event. Please make sure it has an appropriate `as` value and it is preloaded intentionally. @ https://m1-asahi.taila125ad.ts.net/#top:0
[36187900ms] [WARNING] The resource https://m1-asahi.taila125ad.ts.net/fonts/geist.woff2 was preloaded using link preload but not used within a few seconds from the window's load event. Please make sure it has an appropriate `as` value and it is preloaded intentionally. @ https://m1-asahi.taila125ad.ts.net/#top:0
[36248356ms] [WARNING] The resource https://m1-asahi.taila125ad.ts.net/fonts/geist.woff2 was preloaded using link preload but not used within a few seconds from the window's load event. Please make sure it has an appropriate `as` value and it is preloaded intentionally. @ https://m1-asahi.taila125ad.ts.net/#top:0
[36348487ms] [WARNING] The resource https://m1-asahi.taila125ad.ts.net/fonts/geist.woff2 was preloaded using link preload but not used within a few seconds from the window's load event. Please make sure it has an appropriate `as` value and it is preloaded intentionally. @ https://m1-asahi.taila125ad.ts.net/#top:0
[36654788ms] [WARNING] The resource https://m1-asahi.taila125ad.ts.net/fonts/geist.woff2 was preloaded using link preload but not used within a few seconds from the window's load event. Please make sure it has an appropriate `as` value and it is preloaded intentionally. @ https://m1-asahi.taila125ad.ts.net/#top:0
[36881767ms] [WARNING] The resource https://m1-asahi.taila125ad.ts.net/fonts/geist.woff2 was preloaded using link preload but not used within a few seconds from the window's load event. Please make sure it has an appropriate `as` value and it is preloaded intentionally. @ https://m1-asahi.taila125ad.ts.net/#top:0
[37514495ms] [WARNING] The resource https://m1-asahi.taila125ad.ts.net/fonts/geist.woff2 was preloaded using link preload but not used within a few seconds from the window's load event. Please make sure it has an appropriate `as` value and it is preloaded intentionally. @ https://m1-asahi.taila125ad.ts.net/#top:0
[38057517ms] [WARNING] The resource https://m1-asahi.taila125ad.ts.net/fonts/geist.woff2 was preloaded using link preload but not used within a few seconds from the window's load event. Please make sure it has an appropriate `as` value and it is preloaded intentionally. @ https://m1-asahi.taila125ad.ts.net/#top:0
